Archive member included to satisfy reference by file (symbol)

/home/branjb/Ac6/SystemWorkbench/plugins/fr.ac6.mcu.externaltools.arm-none.linux64_1.16.0.201807130628/tools/compiler/bin/../lib/gcc/arm-none-eabi/7.2.1/thumb/v7e-m/fpv4-sp/hard/libgcc.a(_arm_addsubdf3.o)
                              src/lib_uart.o (__aeabi_f2d)
/home/branjb/Ac6/SystemWorkbench/plugins/fr.ac6.mcu.externaltools.arm-none.linux64_1.16.0.201807130628/tools/compiler/bin/../lib/gcc/arm-none-eabi/7.2.1/thumb/v7e-m/fpv4-sp/hard/libgcc.a(_arm_muldivdf3.o)
                              src/lib_uart.o (__aeabi_dmul)
/home/branjb/Ac6/SystemWorkbench/plugins/fr.ac6.mcu.externaltools.arm-none.linux64_1.16.0.201807130628/tools/compiler/bin/../lib/gcc/arm-none-eabi/7.2.1/thumb/v7e-m/fpv4-sp/hard/libgcc.a(_arm_fixdfsi.o)
                              src/lib_uart.o (__aeabi_d2iz)
/home/branjb/Ac6/SystemWorkbench/plugins/fr.ac6.mcu.externaltools.arm-none.linux64_1.16.0.201807130628/tools/compiler/bin/../lib/gcc/arm-none-eabi/7.2.1/thumb/v7e-m/fpv4-sp/hard/libgcc.a(_arm_truncdfsf2.o)
                              src/lib_uart.o (__aeabi_d2f)
/home/branjb/Ac6/SystemWorkbench/plugins/fr.ac6.mcu.externaltools.arm-none.linux64_1.16.0.201807130628/tools/compiler/bin/../lib/gcc/arm-none-eabi/7.2.1/../../../../arm-none-eabi/lib/thumb/v7e-m/fpv4-sp/hard/libc.a(lib_a-errno.o)
                              src/syscalls.o (__errno)
/home/branjb/Ac6/SystemWorkbench/plugins/fr.ac6.mcu.externaltools.arm-none.linux64_1.16.0.201807130628/tools/compiler/bin/../lib/gcc/arm-none-eabi/7.2.1/../../../../arm-none-eabi/lib/thumb/v7e-m/fpv4-sp/hard/libc.a(lib_a-exit.o)
                              /home/branjb/Ac6/SystemWorkbench/plugins/fr.ac6.mcu.externaltools.arm-none.linux64_1.16.0.201807130628/tools/compiler/bin/../lib/gcc/arm-none-eabi/7.2.1/../../../../arm-none-eabi/lib/thumb/v7e-m/fpv4-sp/hard/crt0.o (exit)
/home/branjb/Ac6/SystemWorkbench/plugins/fr.ac6.mcu.externaltools.arm-none.linux64_1.16.0.201807130628/tools/compiler/bin/../lib/gcc/arm-none-eabi/7.2.1/../../../../arm-none-eabi/lib/thumb/v7e-m/fpv4-sp/hard/libc.a(lib_a-impure.o)
                              /home/branjb/Ac6/SystemWorkbench/plugins/fr.ac6.mcu.externaltools.arm-none.linux64_1.16.0.201807130628/tools/compiler/bin/../lib/gcc/arm-none-eabi/7.2.1/../../../../arm-none-eabi/lib/thumb/v7e-m/fpv4-sp/hard/libc.a(lib_a-exit.o) (_global_impure_ptr)
/home/branjb/Ac6/SystemWorkbench/plugins/fr.ac6.mcu.externaltools.arm-none.linux64_1.16.0.201807130628/tools/compiler/bin/../lib/gcc/arm-none-eabi/7.2.1/../../../../arm-none-eabi/lib/thumb/v7e-m/fpv4-sp/hard/libc.a(lib_a-init.o)
                              /home/branjb/Ac6/SystemWorkbench/plugins/fr.ac6.mcu.externaltools.arm-none.linux64_1.16.0.201807130628/tools/compiler/bin/../lib/gcc/arm-none-eabi/7.2.1/../../../../arm-none-eabi/lib/thumb/v7e-m/fpv4-sp/hard/crt0.o (__libc_init_array)
/home/branjb/Ac6/SystemWorkbench/plugins/fr.ac6.mcu.externaltools.arm-none.linux64_1.16.0.201807130628/tools/compiler/bin/../lib/gcc/arm-none-eabi/7.2.1/../../../../arm-none-eabi/lib/thumb/v7e-m/fpv4-sp/hard/libc.a(lib_a-memset.o)
                              /home/branjb/Ac6/SystemWorkbench/plugins/fr.ac6.mcu.externaltools.arm-none.linux64_1.16.0.201807130628/tools/compiler/bin/../lib/gcc/arm-none-eabi/7.2.1/../../../../arm-none-eabi/lib/thumb/v7e-m/fpv4-sp/hard/crt0.o (memset)
/home/branjb/Ac6/SystemWorkbench/plugins/fr.ac6.mcu.externaltools.arm-none.linux64_1.16.0.201807130628/tools/compiler/bin/../lib/gcc/arm-none-eabi/7.2.1/../../../../arm-none-eabi/lib/thumb/v7e-m/fpv4-sp/hard/libc.a(lib_a-sprintf.o)
                              src/lib_uart.o (sprintf)
/home/branjb/Ac6/SystemWorkbench/plugins/fr.ac6.mcu.externaltools.arm-none.linux64_1.16.0.201807130628/tools/compiler/bin/../lib/gcc/arm-none-eabi/7.2.1/../../../../arm-none-eabi/lib/thumb/v7e-m/fpv4-sp/hard/libc.a(lib_a-svfprintf.o)
                              /home/branjb/Ac6/SystemWorkbench/plugins/fr.ac6.mcu.externaltools.arm-none.linux64_1.16.0.201807130628/tools/compiler/bin/../lib/gcc/arm-none-eabi/7.2.1/../../../../arm-none-eabi/lib/thumb/v7e-m/fpv4-sp/hard/libc.a(lib_a-sprintf.o) (_svfprintf_r)
/home/branjb/Ac6/SystemWorkbench/plugins/fr.ac6.mcu.externaltools.arm-none.linux64_1.16.0.201807130628/tools/compiler/bin/../lib/gcc/arm-none-eabi/7.2.1/../../../../arm-none-eabi/lib/thumb/v7e-m/fpv4-sp/hard/libc.a(lib_a-__call_atexit.o)
                              /home/branjb/Ac6/SystemWorkbench/plugins/fr.ac6.mcu.externaltools.arm-none.linux64_1.16.0.201807130628/tools/compiler/bin/../lib/gcc/arm-none-eabi/7.2.1/../../../../arm-none-eabi/lib/thumb/v7e-m/fpv4-sp/hard/libc.a(lib_a-exit.o) (__call_exitprocs)
/home/branjb/Ac6/SystemWorkbench/plugins/fr.ac6.mcu.externaltools.arm-none.linux64_1.16.0.201807130628/tools/compiler/bin/../lib/gcc/arm-none-eabi/7.2.1/../../../../arm-none-eabi/lib/thumb/v7e-m/fpv4-sp/hard/libc.a(lib_a-atexit.o)
[...]
Memory Configuration

Name             Origin             Length             Attributes
RAM              0x0000000020000000 0x0000000000030000 xrw
ROM              0x0000000008000000 0x0000000000200000 xr
*default*        0x0000000000000000 0xffffffffffffffff

Linker script and memory map

LOAD /home/branjb/Ac6/SystemWorkbench/plugins/fr.ac6.mcu.externaltools.arm-none.linux64_1.16.0.201807130628/tools/compiler/bin/../lib/gcc/arm-none-eabi/7.2.1/thumb/v7e-m/fpv4-sp/hard/crti.o
LOAD /home/branjb/Ac6/SystemWorkbench/plugins/fr.ac6.mcu.externaltools.arm-none.linux64_1.16.0.201807130628/tools/compiler/bin/../lib/gcc/arm-none-eabi/7.2.1/thumb/v7e-m/fpv4-sp/hard/crtbegin.o
LOAD /home/branjb/Ac6/SystemWorkbench/plugins/fr.ac6.mcu.externaltools.arm-none.linux64_1.16.0.201807130628/tools/compiler/bin/../lib/gcc/arm-none-eabi/7.2.1/../../../../arm-none-eabi/lib/thumb/v7e-m/fpv4-sp/hard/crt0.o
LOAD src/lib_exti.o
LOAD src/lib_gpio.o
LOAD src/lib_i2c.o
LOAD src/lib_uart.o
LOAD src/main.o
LOAD src/mpu6050.o
LOAD src/syscalls.o
LOAD src/system_stm32f4xx.o
LOAD startup/startup_stm32.o
LOAD /home/branjb/Ac6/SystemWorkbench/plugins/fr.ac6.mcu.externaltools.arm-none.linux64_1.16.0.201807130628/tools/compiler/bin/../lib/gcc/arm-none-eabi/7.2.1/../../../../arm-none-eabi/lib/thumb/v7e-m/fpv4-sp/hard/libstdc++.a
LOAD /home/branjb/Ac6/SystemWorkbench/plugins/fr.ac6.mcu.externaltools.arm-none.linux64_1.16.0.201807130628/tools/compiler/bin/../lib/gcc/arm-none-eabi/7.2.1/../../../../arm-none-eabi/lib/thumb/v7e-m/fpv4-sp/hard/libm.a
START GROUP
LOAD /home/branjb/Ac6/SystemWorkbench/plugins/fr.ac6.mcu.externaltools.arm-none.linux64_1.16.0.201807130628/tools/compiler/bin/../lib/gcc/arm-none-eabi/7.2.1/thumb/v7e-m/fpv4-sp/hard/libgcc.a
LOAD /home/branjb/Ac6/SystemWorkbench/plugins/fr.ac6.mcu.externaltools.arm-none.linux64_1.16.0.201807130628/tools/compiler/bin/../lib/gcc/arm-none-eabi/7.2.1/../../../../arm-none-eabi/lib/thumb/v7e-m/fpv4-sp/hard/libc.a
END GROUP
LOAD /home/branjb/Ac6/SystemWorkbench/plugins/fr.ac6.mcu.externaltools.arm-none.linux64_1.16.0.201807130628/tools/compiler/bin/../lib/gcc/arm-none-eabi/7.2.1/thumb/v7e-m/fpv4-sp/hard/crtend.o
LOAD /home/branjb/Ac6/SystemWorkbench/plugins/fr.ac6.mcu.externaltools.arm-none.linux64_1.16.0.201807130628/tools/compiler/bin/../lib/gcc/arm-none-eabi/7.2.1/thumb/v7e-m/fpv4-sp/hard/crtn.o
                0x0000000020030000                _estack = 0x20030000
                0x0000000000000000                _Min_Heap_Size = 0x0
                0x0000000000000400                _Min_Stack_Size = 0x400

.isr_vector     0x0000000008000000      0x1ac
                0x0000000008000000                . = ALIGN (0x4)
 *(.isr_vector)
 .isr_vector    0x0000000008000000      0x1ac startup/startup_stm32.o
                0x0000000008000000                g_pfnVectors
                0x00000000080001ac                . = ALIGN (0x4)

.text           0x00000000080001c0     0x5c18
                0x00000000080001c0                . = ALIGN (0x4)
 *(.text)
 .text          0x00000000080001c0       0x40 /home/branjb/Ac6/SystemWorkbench/plugins/fr.ac6.mcu.externaltools.arm-none.linux64_1.16.0.201807130628/tools/compiler/bin/../lib/gcc/arm-none-eabi/7.2.1/thumb/v7e-m/fpv4-sp/hard/crtbegin.o
 .text          0x0000000008000200      0x378 /home/branjb/Ac6/SystemWorkbench/plugins/fr.ac6.mcu.externaltools.arm-none.linux64_1.16.0.201807130628/tools/compiler/bin/../lib/gcc/arm-none-eabi/7.2.1/thumb/v7e-m/fpv4-sp/hard/libgcc.a(_arm_addsubdf3.o)
                0x0000000008000200                __aeabi_drsub
                0x0000000008000208                __aeabi_dsub
                0x0000000008000208                __subdf3
                0x000000000800020c                __adddf3
                0x000000000800020c                __aeabi_dadd
                0x0000000008000484                __aeabi_ui2d
                0x0000000008000484                __floatunsidf
                0x00000000080004a4                __floatsidf
                0x00000000080004a4                __aeabi_i2d
                0x00000000080004c8                __extendsfdf2
                0x00000000080004c8                __aeabi_f2d
                0x000000000800050c                __aeabi_ul2d
                0x000000000800050c                __floatundidf
                0x000000000800051c                __floatdidf
                0x000000000800051c                __aeabi_l2d
 .text          0x0000000008000578      0x424 /home/branjb/Ac6/SystemWorkbench/plugins/fr.ac6.mcu.externaltools.arm-none.linux64_1.16.0.201807130628/tools/compiler/bin/../lib/gcc/arm-none-eabi/7.2.1/thumb/v7e-m/fpv4-sp/hard/libgcc.a(_arm_muldivdf3.o)
                0x0000000008000578                __aeabi_dmul
                0x0000000008000578                __muldf3
                0x00000000080007cc                __aeabi_ddiv
                0x00000000080007cc                __divdf3
 .text          0x000000000800099c       0x50 /home/branjb/Ac6/SystemWorkbench/plugins/fr.ac6.mcu.externaltools.arm-none.linux64_1.16.0.201807130628/tools/compiler/bin/../lib/gcc/arm-none-eabi/7.2.1/thumb/v7e-m/fpv4-sp/hard/libgcc.a(_arm_fixdfsi.o)
                0x000000000800099c                __fixdfsi
                0x000000000800099c                __aeabi_d2iz
 *fill*         0x00000000080009ec        0x4 
 .text          0x00000000080009f0       0xa0 /home/branjb/Ac6/SystemWorkbench/plugins/fr.ac6.mcu.externaltools.arm-none.linux64_1.16.0.201807130628/tools/compiler/bin/../lib/gcc/arm-none-eabi/7.2.1/../../../../arm-none-eabi/lib/thumb/v7e-m/fpv4-sp/hard/libc.a(lib_a-memchr.o)
                0x00000000080009f0                memchr
 .text          0x0000000008000a90      0x134 /home/branjb/Ac6/SystemWorkbench/plugins/fr.ac6.mcu.externaltools.arm-none.linux64_1.16.0.201807130628/tools/compiler/bin/../lib/gcc/arm-none-eabi/7.2.1/../../../../arm-none-eabi/lib/thumb/v7e-m/fpv4-sp/hard/libc.a(lib_a-memcpy.o)
                0x0000000008000a90                memcpy
 *fill*         0x0000000008000bc4       0x3c 
 .text          0x0000000008000c00       0xdc /home/branjb/Ac6/SystemWorkbench/plugins/fr.ac6.mcu.externaltools.arm-none.linux64_1.16.0.201807130628/tools/compiler/bin/../lib/gcc/arm-none-eabi/7.2.1/../../../../arm-none-eabi/lib/thumb/v7e-m/fpv4-sp/hard/libc.a(lib_a-strlen.o)
                0x0000000008000c00                strlen
 .text          0x0000000008000cdc      0x110 /home/branjb/Ac6/SystemWorkbench/plugins/fr.ac6.mcu.externaltools.arm-none.linux64_1.16.0.201807130628/tools/compiler/bin/../lib/gcc/arm-none-eabi/7.2.1/thumb/v7e-m/fpv4-sp/hard/libgcc.a(_arm_cmpdf2.o)
                0x0000000008000cdc                __gtdf2
                0x0000000008000cdc                __gedf2
                0x0000000008000ce4                __ltdf2
                0x0000000008000ce4                __ledf2
                0x0000000008000cec                __cmpdf2
                0x0000000008000cec                __eqdf2
                0x0000000008000cec                __nedf2
                0x0000000008000d68                __aeabi_cdrcmple
                0x0000000008000d78                __aeabi_cdcmple
                0x0000000008000d78                __aeabi_cdcmpeq
                0x0000000008000d88                __aeabi_dcmpeq
                0x0000000008000d9c                __aeabi_dcmplt
                0x0000000008000db0                __aeabi_dcmple
                0x0000000008000dc4                __aeabi_dcmpge
                0x0000000008000dd8                __aeabi_dcmpgt
 .text          0x0000000008000dec       0x2c /home/branjb/Ac6/SystemWorkbench/plugins/fr.ac6.mcu.externaltools.arm-none.linux64_1.16.0.201807130628/tools/compiler/bin/../lib/gcc/arm-none-eabi/7.2.1/thumb/v7e-m/fpv4-sp/hard/libgcc.a(_arm_unorddf2.o)
                0x0000000008000dec                __aeabi_dcmpun
                0x0000000008000dec                __unorddf2
 .text          0x0000000008000e18       0x30 /home/branjb/Ac6/SystemWorkbench/plugins/fr.ac6.mcu.externaltools.arm-none.linux64_1.16.0.201807130628/tools/compiler/bin/../lib/gcc/arm-none-eabi/7.2.1/thumb/v7e-m/fpv4-sp/hard/libgcc.a(_aeabi_uldivmod.o)
                0x0000000008000e18                __aeabi_uldivmod
 .text          0x0000000008000e48      0x2cc /home/branjb/Ac6/SystemWorkbench/plugins/fr.ac6.mcu.externaltools.arm-none.linux64_1.16.0.201807130628/tools/compiler/bin/../lib/gcc/arm-none-eabi/7.2.1/thumb/v7e-m/fpv4-sp/hard/libgcc.a(_udivmoddi4.o)
                0x0000000008000e48                __udivmoddi4
 .text          0x0000000008001114        0x4 /home/branjb/Ac6/SystemWorkbench/plugins/fr.ac6.mcu.externaltools.arm-none.linux64_1.16.0.201807130628/tools/compiler/bin/../lib/gcc/arm-none-eabi/7.2.1/thumb/v7e-m/fpv4-sp/hard/libgcc.a(_dvmd_tls.o)
                0x0000000008001114                __aeabi_ldiv0
                0x0000000008001114                __aeabi_idiv0
 *(.text*)
 .text.exti_setup
                0x0000000008001118      0x1d0 src/lib_exti.o
                0x0000000008001118                exti_setup
 .text.EXTI0_IRQHandler
                0x00000000080012e8       0x24 src/lib_exti.o
                0x00000000080012e8                EXTI0_IRQHandler
 .text.EXTI1_IRQHandler
                0x000000000800130c       0x24 src/lib_exti.o
                0x000000000800130c                EXTI1_IRQHandler
 .text.EXTI2_IRQHandler
                0x0000000008001330       0x24 src/lib_exti.o
                0x0000000008001330                EXTI2_IRQHandler
 .text.EXTI3_IRQHandler
                0x0000000008001354       0x28 src/lib_exti.o
                0x0000000008001354                EXTI3_IRQHandler
 .text.EXTI4_IRQHandler
                0x000000000800137c       0x24 src/lib_exti.o
                0x000000000800137c                EXTI4_IRQHandler
 .text.EXTI9_5_IRQHandler
                0x00000000080013a0       0x98 src/lib_exti.o
                0x00000000080013a0                EXTI9_5_IRQHandler
 .text.EXTI15_10_IRQHandler
                0x0000000008001438       0xbc src/lib_exti.o
                0x0000000008001438                EXTI15_10_IRQHandler
 .text.gpio_setup
                0x00000000080014f4      0x360 src/lib_gpio.o
                0x00000000080014f4                gpio_setup
 .text.i2c_setup
                0x0000000008001854      0x1b0 src/lib_i2c.o
                0x0000000008001854                i2c_setup
 .text.i2c_write_register
                0x0000000008001a04       0x60 src/lib_i2c.o
                0x0000000008001a04                i2c_write_register
 .text.i2c_read_registers
                0x0000000008001a64      0x17c src/lib_i2c.o
                0x0000000008001a64                i2c_read_registers
 .text.uart_setup
                0x0000000008001be0      0x114 src/lib_uart.o
                0x0000000008001be0                uart_setup
 .text.uart_tx_via_dma
                0x0000000008001cf4       0x78 src/lib_uart.o
                0x0000000008001cf4                uart_tx_via_dma
 .text.uart_send_csv_floats
                0x0000000008001d6c       0xa8 src/lib_uart.o
                0x0000000008001d6c                uart_send_csv_floats
 .text.process_new_sensor_values
                0x0000000008001e14       0x32 src/main.o
                0x0000000008001e14                process_new_sensor_values
 *fill*         0x0000000008001e46        0x2 
 .text.main     0x0000000008001e48       0x64 src/main.o
                0x0000000008001e48                main
 .text.mpu6050_hmc5883l_read_sensors
                0x0000000008001eac      0x1fc src/mpu6050.o
 .text.mpu6050_hmc5883l_setup
                0x00000000080020a8       0xb8 src/mpu6050.o
                0x00000000080020a8                mpu6050_hmc5883l_setup
 .text._sbrk    0x0000000008002160       0x3c src/syscalls.o
                0x0000000008002160                _sbrk
 .text.SystemInit
                0x000000000800219c      0x148 src/system_stm32f4xx.o
                0x000000000800219c                SystemInit
 .text.SystemCoreClockUpdate
                0x00000000080022e4       0xa0 src/system_stm32f4xx.o
                0x00000000080022e4                SystemCoreClockUpdate
 .text.Reset_Handler
                0x0000000008002384       0x50 startup/startup_stm32.o
                0x0000000008002384                Reset_Handler
 .text.Default_Handler
                0x00000000080023d4        0x2 startup/startup_stm32.o
                0x00000000080023d4                RTC_Alarm_IRQHandler
                0x00000000080023d4                HASH_RNG_IRQHandler
                0x00000000080023d4                TIM8_CC_IRQHandler
                0x00000000080023d4                DebugMon_Handler
                0x00000000080023d4                UART8_IRQHandler
                0x00000000080023d4                SPI4_IRQHandler
                0x00000000080023d4                TIM1_CC_IRQHandler
                0x00000000080023d4                DMA2_Stream5_IRQHandler
                0x00000000080023d4                HardFault_Handler
                0x00000000080023d4                DMA1_Stream5_IRQHandler
                0x00000000080023d4                SysTick_Handler
                0x00000000080023d4                PVD_IRQHandler
                0x00000000080023d4                SDIO_IRQHandler
                0x00000000080023d4                TAMP_STAMP_IRQHandler
                0x00000000080023d4                PendSV_Handler
                0x00000000080023d4                NMI_Handler
                0x00000000080023d4                CAN2_RX1_IRQHandler
                0x00000000080023d4                TIM8_TRG_COM_TIM14_IRQHandler
                0x00000000080023d4                TIM1_UP_TIM10_IRQHandler
                0x00000000080023d4                TIM8_UP_TIM13_IRQHandler
                0x00000000080023d4                I2C3_ER_IRQHandler
                0x00000000080023d4                LCD_TFT_IRQHandler
                0x00000000080023d4                I2C2_EV_IRQHandler
                0x00000000080023d4                DMA1_Stream2_IRQHandler
                0x00000000080023d4                CAN1_RX0_IRQHandler
                0x00000000080023d4                FPU_IRQHandler
                0x00000000080023d4                OTG_HS_WKUP_IRQHandler
                0x00000000080023d4                UsageFault_Handler
                0x00000000080023d4                CAN2_SCE_IRQHandler
                0x00000000080023d4                DMA2_Stream2_IRQHandler
                0x00000000080023d4                SPI1_IRQHandler
                0x00000000080023d4                TIM6_DAC_IRQHandler
                0x00000000080023d4                TIM1_BRK_TIM9_IRQHandler
                0x00000000080023d4                DCMI_IRQHandler
                0x00000000080023d4                CAN2_RX0_IRQHandler
                0x00000000080023d4                DMA2_Stream3_IRQHandler
                0x00000000080023d4                USART6_IRQHandler
                0x00000000080023d4                USART3_IRQHandler
                0x00000000080023d4                CRYP_IRQHandler
                0x00000000080023d4                CAN1_RX1_IRQHandler
                0x00000000080023d4                UART5_IRQHandler
                0x00000000080023d4                DMA2_Stream0_IRQHandler
                0x00000000080023d4                TIM4_IRQHandler
                0x00000000080023d4                I2C1_EV_IRQHandler
                0x00000000080023d4                DMA1_Stream6_IRQHandler
                0x00000000080023d4                DMA1_Stream1_IRQHandler
                0x00000000080023d4                UART4_IRQHandler
                0x00000000080023d4                LCD_TFT_1_IRQHandler
                0x00000000080023d4                TIM3_IRQHandler
                0x00000000080023d4                RCC_IRQHandler
                0x00000000080023d4                TIM8_BRK_TIM12_IRQHandler
                0x00000000080023d4                Default_Handler
                0x00000000080023d4                ADC_IRQHandler
                0x00000000080023d4                DMA1_Stream7_IRQHandler
                0x00000000080023d4                SPI5_IRQHandler
                0x00000000080023d4                TIM7_IRQHandler
                0x00000000080023d4                CAN2_TX_IRQHandler
                0x00000000080023d4                TIM5_IRQHandler
                0x00000000080023d4                DMA2_Stream7_IRQHandler
                0x00000000080023d4                I2C3_EV_IRQHandler
                0x00000000080023d4                RTC_WKUP_IRQHandler
                0x00000000080023d4                ETH_WKUP_IRQHandler
                0x00000000080023d4                SPI2_IRQHandler
                0x00000000080023d4                OTG_HS_EP1_IN_IRQHandler
                0x00000000080023d4                MemManage_Handler
                0x00000000080023d4                DMA1_Stream0_IRQHandler
                0x00000000080023d4                CAN1_TX_IRQHandler
                0x00000000080023d4                SVC_Handler
                0x00000000080023d4                ETH_IRQHandler
                0x00000000080023d4                OTG_HS_EP1_OUT_IRQHandler
                0x00000000080023d4                WWDG_IRQHandler
                0x00000000080023d4                SPI6_IRQHandler
                0x00000000080023d4                TIM2_IRQHandler
                0x00000000080023d4                OTG_FS_WKUP_IRQHandler
                0x00000000080023d4                TIM1_TRG_COM_TIM11_IRQHandler
                0x00000000080023d4                OTG_HS_IRQHandler
                0x00000000080023d4                DMA2D_IRQHandler
                0x00000000080023d4                UART7_IRQHandler
                0x00000000080023d4                USART2_IRQHandler
                0x00000000080023d4                I2C2_ER_IRQHandler
                0x00000000080023d4                DMA2_Stream1_IRQHandler
                0x00000000080023d4                CAN1_SCE_IRQHandler
                0x00000000080023d4                FLASH_IRQHandler
                0x00000000080023d4                DMA2_Stream4_IRQHandler
                0x00000000080023d4                BusFault_Handler
                0x00000000080023d4                USART1_IRQHandler
                0x00000000080023d4                OTG_FS_IRQHandler
                0x00000000080023d4                SPI3_IRQHandler
                0x00000000080023d4                DMA1_Stream4_IRQHandler
                0x00000000080023d4                I2C1_ER_IRQHandler
                0x00000000080023d4                FMC_IRQHandler
                0x00000000080023d4                DMA2_Stream6_IRQHandler
                0x00000000080023d4                SAI1_IRQHandler
                0x00000000080023d4                DMA1_Stream3_IRQHandler
 *fill*         0x00000000080023d6        0x2 
 .text.__errno  0x00000000080023d8        0xc /home/branjb/Ac6/SystemWorkbench/plugins/fr.ac6.mcu.externaltools.arm-none.linux64_1.16.0.201807130628/tools/compiler/bin/../lib/gcc/arm-none-eabi/7.2.1/../../../../arm-none-eabi/lib/thumb/v7e-m/fpv4-sp/hard/libc.a(lib_a-errno.o)
                0x00000000080023d8                __errno
 .text.__libc_init_array
                0x00000000080023e4       0x48 /home/branjb/Ac6/SystemWorkbench/plugins/fr.ac6.mcu.externaltools.arm-none.linux64_1.16.0.201807130628/tools/compiler/bin/../lib/gcc/arm-none-eabi/7.2.1/../../../../arm-none-eabi/lib/thumb/v7e-m/fpv4-sp/hard/libc.a(lib_a-init.o)
                0x00000000080023e4                __libc_init_array
 .text.memset   0x000000000800242c       0x94 /home/branjb/Ac6/SystemWorkbench/plugins/fr.ac6.mcu.externaltools.arm-none.linux64_1.16.0.201807130628/tools/compiler/bin/../lib/gcc/arm-none-eabi/7.2.1/../../../../arm-none-eabi/lib/thumb/v7e-m/fpv4-sp/hard/libc.a(lib_a-memset.o)
                0x000000000800242c                memset
 .text.sprintf  0x00000000080024c0       0x44 /home/branjb/Ac6/SystemWorkbench/plugins/fr.ac6.mcu.externaltools.arm-none.linux64_1.16.0.201807130628/tools/compiler/bin/../lib/gcc/arm-none-eabi/7.2.1/../../../../arm-none-eabi/lib/thumb/v7e-m/fpv4-sp/hard/libc.a(lib_a-sprintf.o)
                0x00000000080024c0                sprintf
 *fill*         0x0000000008002504        0x4 
 .text._svfprintf_r
                0x0000000008002508     0x144c /home/branjb/Ac6/SystemWorkbench/plugins/fr.ac6.mcu.externaltools.arm-none.linux64_1.16.0.201807130628/tools/compiler/bin/../lib/gcc/arm-none-eabi/7.2.1/../../../../arm-none-eabi/lib/thumb/v7e-m/fpv4-sp/hard/libc.a(lib_a-svfprintf.o)
                0x0000000008002508                _svfprintf_r
 .text.startup.register_fini
                0x0000000008003954       0x14 /home/branjb/Ac6/SystemWorkbench/plugins/fr.ac6.mcu.externaltools.arm-none.linux64_1.16.0.201807130628/tools/compiler/bin/../lib/gcc/arm-none-eabi/7.2.1/../../../../arm-none-eabi/lib/thumb/v7e-m/fpv4-sp/hard/libc.a(lib_a-__call_atexit.o)
 .text.atexit   0x0000000008003968        0xc /home/branjb/Ac6/SystemWorkbench/plugins/fr.ac6.mcu.externaltools.arm-none.linux64_1.16.0.201807130628/tools/compiler/bin/../lib/gcc/arm-none-eabi/7.2.1/../../../../arm-none-eabi/lib/thumb/v7e-m/fpv4-sp/hard/libc.a(lib_a-atexit.o)
                0x0000000008003968                atexit
 .text.quorem   0x0000000008003974      0x124 /home/branjb/Ac6/SystemWorkbench/plugins/fr.ac6.mcu.externaltools.arm-none.linux64_1.16.0.201807130628/tools/compiler/bin/../lib/gcc/arm-none-eabi/7.2.1/../../../../arm-none-eabi/lib/thumb/v7e-m/fpv4-sp/hard/libc.a(lib_a-dtoa.o)
 .text._dtoa_r  0x0000000008003a98      0xe28 /home/branjb/Ac6/SystemWorkbench/plugins/fr.ac6.mcu.externaltools.arm-none.linux64_1.16.0.201807130628/tools/compiler/bin/../lib/gcc/arm-none-eabi/7.2.1/../../../../arm-none-eabi/lib/thumb/v7e-m/fpv4-sp/hard/libc.a(lib_a-dtoa.o)
                0x0000000008003a98                _dtoa_r
 .text.__libc_fini_array
                0x00000000080048c0       0x34 /home/branjb/Ac6/SystemWorkbench/plugins/fr.ac6.mcu.externaltools.arm-none.linux64_1.16.0.201807130628/tools/compiler/bin/../lib/gcc/arm-none-eabi/7.2.1/../../../../arm-none-eabi/lib/thumb/v7e-m/fpv4-sp/hard/libc.a(lib_a-fini.o)
                0x00000000080048c0                __libc_fini_array
 .text._localeconv_r
                0x00000000080048f4       0x1c /home/branjb/Ac6/SystemWorkbench/plugins/fr.ac6.mcu.externaltools.arm-none.linux64_1.16.0.201807130628/tools/compiler/bin/../lib/gcc/arm-none-eabi/7.2.1/../../../../arm-none-eabi/lib/thumb/v7e-m/fpv4-sp/hard/libc.a(lib_a-localeconv.o)
                0x00000000080048f4                _localeconv_r
 .text.__retarget_lock_acquire_recursive
                0x0000000008004910        0x4 /home/branjb/Ac6/SystemWorkbench/plugins/fr.ac6.mcu.externaltools.arm-none.linux64_1.16.0.201807130628/tools/compiler/bin/../lib/gcc/arm-none-eabi/7.2.1/../../../../arm-none-eabi/lib/thumb/v7e-m/fpv4-sp/hard/libc.a(lib_a-lock.o)
                0x0000000008004910                __retarget_lock_acquire_recursive
 .text.__retarget_lock_release_recursive
                0x0000000008004914        0x4 /home/branjb/Ac6/SystemWorkbench/plugins/fr.ac6.mcu.externaltools.arm-none.linux64_1.16.0.201807130628/tools/compiler/bin/../lib/gcc/arm-none-eabi/7.2.1/../../../../arm-none-eabi/lib/thumb/v7e-m/fpv4-sp/hard/libc.a(lib_a-lock.o)
                0x0000000008004914                __retarget_lock_release_recursive
 .text._malloc_r
                0x0000000008004918      0x548 /home/branjb/Ac6/SystemWorkbench/plugins/fr.ac6.mcu.externaltools.arm-none.linux64_1.16.0.201807130628/tools/compiler/bin/../lib/gcc/arm-none-eabi/7.2.1/../../../../arm-none-eabi/lib/thumb/v7e-m/fpv4-sp/hard/libc.a(lib_a-mallocr.o)
                0x0000000008004918                _malloc_r
 .text.__malloc_lock
                0x0000000008004e60        0xc /home/branjb/Ac6/SystemWorkbench/plugins/fr.ac6.mcu.externaltools.arm-none.linux64_1.16.0.201807130628/tools/compiler/bin/../lib/gcc/arm-none-eabi/7.2.1/../../../../arm-none-eabi/lib/thumb/v7e-m/fpv4-sp/hard/libc.a(lib_a-mlock.o)
                0x0000000008004e60                __malloc_lock
 .text.__malloc_unlock
                0x0000000008004e6c        0xc /home/branjb/Ac6/SystemWorkbench/plugins/fr.ac6.mcu.externaltools.arm-none.linux64_1.16.0.201807130628/tools/compiler/bin/../lib/gcc/arm-none-eabi/7.2.1/../../../../arm-none-eabi/lib/thumb/v7e-m/fpv4-sp/hard/libc.a(lib_a-mlock.o)
                0x0000000008004e6c                __malloc_unlock
 .text._Balloc  0x0000000008004e78       0x4c /home/branjb/Ac6/SystemWorkbench/plugins/fr.ac6.mcu.externaltools.arm-none.linux64_1.16.0.201807130628/tools/compiler/bin/../lib/gcc/arm-none-eabi/7.2.1/../../../../arm-none-eabi/lib/thumb/v7e-m/fpv4-sp/hard/libc.a(lib_a-mprec.o)
                0x0000000008004e78                _Balloc
 .text._Bfree   0x0000000008004ec4       0x14 /home/branjb/Ac6/SystemWorkbench/plugins/fr.ac6.mcu.externaltools.arm-none.linux64_1.16.0.201807130628/tools/compiler/bin/../lib/gcc/arm-none-eabi/7.2.1/../../../../arm-none-eabi/lib/thumb/v7e-m/fpv4-sp/hard/libc.a(lib_a-mprec.o)
                0x0000000008004ec4                _Bfree
 .text.__multadd
                0x0000000008004ed8       0x80 /home/branjb/Ac6/SystemWorkbench/plugins/fr.ac6.mcu.externaltools.arm-none.linux64_1.16.0.201807130628/tools/compiler/bin/../lib/gcc/arm-none-eabi/7.2.1/../../../../arm-none-eabi/lib/thumb/v7e-m/fpv4-sp/hard/libc.a(lib_a-mprec.o)
                0x0000000008004ed8                __multadd
 .text.__hi0bits
                0x0000000008004f58       0x40 /home/branjb/Ac6/SystemWorkbench/plugins/fr.ac6.mcu.externaltools.arm-none.linux64_1.16.0.201807130628/tools/compiler/bin/../lib/gcc/arm-none-eabi/7.2.1/../../../../arm-none-eabi/lib/thumb/v7e-m/fpv4-sp/hard/libc.a(lib_a-mprec.o)
                0x0000000008004f58                __hi0bits
 .text.__lo0bits
                0x0000000008004f98       0x60 /home/branjb/Ac6/SystemWorkbench/plugins/fr.ac6.mcu.externaltools.arm-none.linux64_1.16.0.201807130628/tools/compiler/bin/../lib/gcc/arm-none-eabi/7.2.1/../../../../arm-none-eabi/lib/thumb/v7e-m/fpv4-sp/hard/libc.a(lib_a-mprec.o)
                0x0000000008004f98                __lo0bits
 .text.__i2b    0x0000000008004ff8       0x14 /home/branjb/Ac6/SystemWorkbench/plugins/fr.ac6.mcu.externaltools.arm-none.linux64_1.16.0.201807130628/tools/compiler/bin/../lib/gcc/arm-none-eabi/7.2.1/../../../../arm-none-eabi/lib/thumb/v7e-m/fpv4-sp/hard/libc.a(lib_a-mprec.o)
                0x0000000008004ff8                __i2b
 .text.__multiply
                0x000000000800500c      0x14c /home/branjb/Ac6/SystemWorkbench/plugins/fr.ac6.mcu.externaltools.arm-none.linux64_1.16.0.201807130628/tools/compiler/bin/../lib/gcc/arm-none-eabi/7.2.1/../../../../arm-none-eabi/lib/thumb/v7e-m/fpv4-sp/hard/libc.a(lib_a-mprec.o)
                0x000000000800500c                __multiply
 .text.__pow5mult
                0x0000000008005158       0xa0 /home/branjb/Ac6/SystemWorkbench/plugins/fr.ac6.mcu.externaltools.arm-none.linux64_1.16.0.201807130628/tools/compiler/bin/../lib/gcc/arm-none-eabi/7.2.1/../../../../arm-none-eabi/lib/thumb/v7e-m/fpv4-sp/hard/libc.a(lib_a-mprec.o)
                0x0000000008005158                __pow5mult
 .text.__lshift
                0x00000000080051f8       0xac /home/branjb/Ac6/SystemWorkbench/plugins/fr.ac6.mcu.externaltools.arm-none.linux64_1.16.0.201807130628/tools/compiler/bin/../lib/gcc/arm-none-eabi/7.2.1/../../../../arm-none-eabi/lib/thumb/v7e-m/fpv4-sp/hard/libc.a(lib_a-mprec.o)
                0x00000000080051f8                __lshift
 .text.__mcmp   0x00000000080052a4       0x38 /home/branjb/Ac6/SystemWorkbench/plugins/fr.ac6.mcu.externaltools.arm-none.linux64_1.16.0.201807130628/tools/compiler/bin/../lib/gcc/arm-none-eabi/7.2.1/../../../../arm-none-eabi/lib/thumb/v7e-m/fpv4-sp/hard/libc.a(lib_a-mprec.o)
                0x00000000080052a4                __mcmp
 .text.__mdiff  0x00000000080052dc       0xec /home/branjb/Ac6/SystemWorkbench/plugins/fr.ac6.mcu.externaltools.arm-none.linux64_1.16.0.201807130628/tools/compiler/bin/../lib/gcc/arm-none-eabi/7.2.1/../../../../arm-none-eabi/lib/thumb/v7e-m/fpv4-sp/hard/libc.a(lib_a-mprec.o)
                0x00000000080052dc                __mdiff
 .text.__d2b    0x00000000080053c8       0xc4 /home/branjb/Ac6/SystemWorkbench/plugins/fr.ac6.mcu.externaltools.arm-none.linux64_1.16.0.201807130628/tools/compiler/bin/../lib/gcc/arm-none-eabi/7.2.1/../../../../arm-none-eabi/lib/thumb/v7e-m/fpv4-sp/hard/libc.a(lib_a-mprec.o)
                0x00000000080053c8                __d2b
 .text._sbrk_r  0x000000000800548c       0x24 /home/branjb/Ac6/SystemWorkbench/plugins/fr.ac6.mcu.externaltools.arm-none.linux64_1.16.0.201807130628/tools/compiler/bin/../lib/gcc/arm-none-eabi/7.2.1/../../../../arm-none-eabi/lib/thumb/v7e-m/fpv4-sp/hard/libc.a(lib_a-sbrkr.o)
                0x000000000800548c                _sbrk_r
 .text.__ssprint_r
                0x00000000080054b0       0xf4 /home/branjb/Ac6/SystemWorkbench/plugins/fr.ac6.mcu.externaltools.arm-none.linux64_1.16.0.201807130628/tools/compiler/bin/../lib/gcc/arm-none-eabi/7.2.1/../../../../arm-none-eabi/lib/thumb/v7e-m/fpv4-sp/hard/libc.a(lib_a-svfiprintf.o)
                0x00000000080054b0                __ssprint_r
 .text.__register_exitproc
                0x00000000080055a4       0xc0 /home/branjb/Ac6/SystemWorkbench/plugins/fr.ac6.mcu.externaltools.arm-none.linux64_1.16.0.201807130628/tools/compiler/bin/../lib/gcc/arm-none-eabi/7.2.1/../../../../arm-none-eabi/lib/thumb/v7e-m/fpv4-sp/hard/libc.a(lib_a-__atexit.o)
                0x00000000080055a4                __register_exitproc
 .text._calloc_r
                0x0000000008005664       0x68 /home/branjb/Ac6/SystemWorkbench/plugins/fr.ac6.mcu.externaltools.arm-none.linux64_1.16.0.201807130628/tools/compiler/bin/../lib/gcc/arm-none-eabi/7.2.1/../../../../arm-none-eabi/lib/thumb/v7e-m/fpv4-sp/hard/libc.a(lib_a-callocr.o)
                0x0000000008005664                _calloc_r
 .text._malloc_trim_r
                0x00000000080056cc       0xa0 /home/branjb/Ac6/SystemWorkbench/plugins/fr.ac6.mcu.externaltools.arm-none.linux64_1.16.0.201807130628/tools/compiler/bin/../lib/gcc/arm-none-eabi/7.2.1/../../../../arm-none-eabi/lib/thumb/v7e-m/fpv4-sp/hard/libc.a(lib_a-freer.o)
                0x00000000080056cc                _malloc_trim_r
 .text._free_r  0x000000000800576c      0x1e8 /home/branjb/Ac6/SystemWorkbench/plugins/fr.ac6.mcu.externaltools.arm-none.linux64_1.16.0.201807130628/tools/compiler/bin/../lib/gcc/arm-none-eabi/7.2.1/../../../../arm-none-eabi/lib/thumb/v7e-m/fpv4-sp/hard/libc.a(lib_a-freer.o)
                0x000000000800576c                _free_r
 .text.__ascii_mbtowc
                0x0000000008005954       0x2c /home/branjb/Ac6/SystemWorkbench/plugins/fr.ac6.mcu.externaltools.arm-none.linux64_1.16.0.201807130628/tools/compiler/bin/../lib/gcc/arm-none-eabi/7.2.1/../../../../arm-none-eabi/lib/thumb/v7e-m/fpv4-sp/hard/libc.a(lib_a-mbtowc_r.o)
                0x0000000008005954                __ascii_mbtowc
 .text.memmove  0x0000000008005980       0xc8 /home/branjb/Ac6/SystemWorkbench/plugins/fr.ac6.mcu.externaltools.arm-none.linux64_1.16.0.201807130628/tools/compiler/bin/../lib/gcc/arm-none-eabi/7.2.1/../../../../arm-none-eabi/lib/thumb/v7e-m/fpv4-sp/hard/libc.a(lib_a-memmove.o)
                0x0000000008005980                memmove
 .text._realloc_r
                0x0000000008005a48      0x35c /home/branjb/Ac6/SystemWorkbench/plugins/fr.ac6.mcu.externaltools.arm-none.linux64_1.16.0.201807130628/tools/compiler/bin/../lib/gcc/arm-none-eabi/7.2.1/../../../../arm-none-eabi/lib/thumb/v7e-m/fpv4-sp/hard/libc.a(lib_a-reallocr.o)
                0x0000000008005a48                _realloc_r
 .text.__ascii_wctomb
                0x0000000008005da4       0x1c /home/branjb/Ac6/SystemWorkbench/plugins/fr.ac6.mcu.externaltools.arm-none.linux64_1.16.0.201807130628/tools/compiler/bin/../lib/gcc/arm-none-eabi/7.2.1/../../../../arm-none-eabi/lib/thumb/v7e-m/fpv4-sp/hard/libc.a(lib_a-wctomb_r.o)
                0x0000000008005da4                __ascii_wctomb
 *(.glue_7)
 .glue_7        0x0000000008005dc0        0x0 linker stubs
 *(.glue_7t)
 .glue_7t       0x0000000008005dc0        0x0 linker stubs
 *(.eh_frame)
 .eh_frame      0x0000000008005dc0        0x0 /home/branjb/Ac6/SystemWorkbench/plugins/fr.ac6.mcu.externaltools.arm-none.linux64_1.16.0.201807130628/tools/compiler/bin/../lib/gcc/arm-none-eabi/7.2.1/thumb/v7e-m/fpv4-sp/hard/crtbegin.o
 *(.init)
 .init          0x0000000008005dc0        0x4 /home/branjb/Ac6/SystemWorkbench/plugins/fr.ac6.mcu.externaltools.arm-none.linux64_1.16.0.201807130628/tools/compiler/bin/../lib/gcc/arm-none-eabi/7.2.1/thumb/v7e-m/fpv4-sp/hard/crti.o
                0x0000000008005dc0                _init
 .init          0x0000000008005dc4        0x8 /home/branjb/Ac6/SystemWorkbench/plugins/fr.ac6.mcu.externaltools.arm-none.linux64_1.16.0.201807130628/tools/compiler/bin/../lib/gcc/arm-none-eabi/7.2.1/thumb/v7e-m/fpv4-sp/hard/crtn.o
 *(.fini)
 .fini          0x0000000008005dcc        0x4 /home/branjb/Ac6/SystemWorkbench/plugins/fr.ac6.mcu.externaltools.arm-none.linux64_1.16.0.201807130628/tools/compiler/bin/../lib/gcc/arm-none-eabi/7.2.1/thumb/v7e-m/fpv4-sp/hard/crti.o
                0x0000000008005dcc                _fini
 .fini          0x0000000008005dd0        0x8 /home/branjb/Ac6/SystemWorkbench/plugins/fr.ac6.mcu.externaltools.arm-none.linux64_1.16.0.201807130628/tools/compiler/bin/../lib/gcc/arm-none-eabi/7.2.1/thumb/v7e-m/fpv4-sp/hard/crtn.o
                0x0000000008005dd8                . = ALIGN (0x4)
                0x0000000008005dd8                _etext = .

.vfp11_veneer   0x0000000008005dd8        0x0
 .vfp11_veneer  0x0000000008005dd8        0x0 linker stubs

.v4_bx          0x0000000008005dd8        0x0
 .v4_bx         0x0000000008005dd8        0x0 linker stubs

.iplt           0x0000000008005dd8        0x0
 .iplt          0x0000000008005dd8        0x0 /home/branjb/Ac6/SystemWorkbench/plugins/fr.ac6.mcu.externaltools.arm-none.linux64_1.16.0.201807130628/tools/compiler/bin/../lib/gcc/arm-none-eabi/7.2.1/thumb/v7e-m/fpv4-sp/hard/crtbegin.o

.rodata         0x0000000008005dd8      0x2c8
                0x0000000008005dd8                . = ALIGN (0x4)
 *(.rodata)
 .rodata        0x0000000008005dd8       0x18 src/system_stm32f4xx.o
                0x0000000008005dd8                AHBPrescTable
                0x0000000008005de8                APBPrescTable
 *(.rodata*)
 .rodata.str1.4
                0x0000000008005df0       0x28 src/lib_uart.o
 .rodata._global_impure_ptr
                0x0000000008005e18        0x4 /home/branjb/Ac6/SystemWorkbench/plugins/fr.ac6.mcu.externaltools.arm-none.linux64_1.16.0.201807130628/tools/compiler/bin/../lib/gcc/arm-none-eabi/7.2.1/../../../../arm-none-eabi/lib/thumb/v7e-m/fpv4-sp/hard/libc.a(lib_a-impure.o)
                0x0000000008005e18                _global_impure_ptr
 .rodata._svfprintf_r.str1.4
                0x0000000008005e1c       0x42 /home/branjb/Ac6/SystemWorkbench/plugins/fr.ac6.mcu.externaltools.arm-none.linux64_1.16.0.201807130628/tools/compiler/bin/../lib/gcc/arm-none-eabi/7.2.1/../../../../arm-none-eabi/lib/thumb/v7e-m/fpv4-sp/hard/libc.a(lib_a-svfprintf.o)
 *fill*         0x0000000008005e5e        0x2 
 .rodata.blanks.8551
                0x0000000008005e60       0x10 /home/branjb/Ac6/SystemWorkbench/plugins/fr.ac6.mcu.externaltools.arm-none.linux64_1.16.0.201807130628/tools/compiler/bin/../lib/gcc/arm-none-eabi/7.2.1/../../../../arm-none-eabi/lib/thumb/v7e-m/fpv4-sp/hard/libc.a(lib_a-svfprintf.o)
 .rodata.zeroes.8552
                0x0000000008005e70       0x10 /home/branjb/Ac6/SystemWorkbench/plugins/fr.ac6.mcu.externaltools.arm-none.linux64_1.16.0.201807130628/tools/compiler/bin/../lib/gcc/arm-none-eabi/7.2.1/../../../../arm-none-eabi/lib/thumb/v7e-m/fpv4-sp/hard/libc.a(lib_a-svfprintf.o)
 .rodata._dtoa_r.str1.4
                0x0000000008005e80       0x10 /home/branjb/Ac6/SystemWorkbench/plugins/fr.ac6.mcu.externaltools.arm-none.linux64_1.16.0.201807130628/tools/compiler/bin/../lib/gcc/arm-none-eabi/7.2.1/../../../../arm-none-eabi/lib/thumb/v7e-m/fpv4-sp/hard/libc.a(lib_a-dtoa.o)
                                         0x12 (size before relaxing)
 .rodata.__mprec_bigtens
                0x0000000008005e90       0x28 /home/branjb/Ac6/SystemWorkbench/plugins/fr.ac6.mcu.externaltools.arm-none.linux64_1.16.0.201807130628/tools/compiler/bin/../lib/gcc/arm-none-eabi/7.2.1/../../../../arm-none-eabi/lib/thumb/v7e-m/fpv4-sp/hard/libc.a(lib_a-mprec.o)
                0x0000000008005e90                __mprec_bigtens
 .rodata.__mprec_tens
                0x0000000008005eb8       0xc8 /home/branjb/Ac6/SystemWorkbench/plugins/fr.ac6.mcu.externaltools.arm-none.linux64_1.16.0.201807130628/tools/compiler/bin/../lib/gcc/arm-none-eabi/7.2.1/../../../../arm-none-eabi/lib/thumb/v7e-m/fpv4-sp/hard/libc.a(lib_a-mprec.o)
                0x0000000008005eb8                __mprec_tens
 .rodata.p05.7367
                0x0000000008005f80        0xc /home/branjb/Ac6/SystemWorkbench/plugins/fr.ac6.mcu.externaltools.arm-none.linux64_1.16.0.201807130628/tools/compiler/bin/../lib/gcc/arm-none-eabi/7.2.1/../../../../arm-none-eabi/lib/thumb/v7e-m/fpv4-sp/hard/libc.a(lib_a-mprec.o)
 .rodata._setlocale_r.str1.4
                0x0000000008005f8c        0xa /home/branjb/Ac6/SystemWorkbench/plugins/fr.ac6.mcu.externaltools.arm-none.linux64_1.16.0.201807130628/tools/compiler/bin/../lib/gcc/arm-none-eabi/7.2.1/../../../../arm-none-eabi/lib/thumb/v7e-m/fpv4-sp/hard/libc.a(lib_a-locale.o)
                                          0xd (size before relaxing)
 *fill*         0x0000000008005f96        0x2 
 .rodata.str1.4
                0x0000000008005f98        0x4 /home/branjb/Ac6/SystemWorkbench/plugins/fr.ac6.mcu.externaltools.arm-none.linux64_1.16.0.201807130628/tools/compiler/bin/../lib/gcc/arm-none-eabi/7.2.1/../../../../arm-none-eabi/lib/thumb/v7e-m/fpv4-sp/hard/libc.a(lib_a-locale.o)
                                          0x2 (size before relaxing)
 .rodata._ctype_
                0x0000000008005f9c      0x101 /home/branjb/Ac6/SystemWorkbench/plugins/fr.ac6.mcu.externaltools.arm-none.linux64_1.16.0.201807130628/tools/compiler/bin/../lib/gcc/arm-none-eabi/7.2.1/../../../../arm-none-eabi/lib/thumb/v7e-m/fpv4-sp/hard/libc.a(lib_a-ctype_.o)
                0x0000000008005f9c                _ctype_
                0x00000000080060a0                . = ALIGN (0x4)
 *fill*         0x000000000800609d        0x3 

.ARM.extab      0x00000000080060a0        0x0
                0x00000000080060a0                . = ALIGN (0x4)
 *(.ARM.extab* .gnu.linkonce.armextab.*)
                0x00000000080060a0                . = ALIGN (0x4)

.ARM            0x00000000080060a0        0x8
                0x00000000080060a0                . = ALIGN (0x4)
                0x00000000080060a0                __exidx_start = .
 *(.ARM.exidx*)
 .ARM.exidx     0x00000000080060a0        0x8 /home/branjb/Ac6/SystemWorkbench/plugins/fr.ac6.mcu.externaltools.arm-none.linux64_1.16.0.201807130628/tools/compiler/bin/../lib/gcc/arm-none-eabi/7.2.1/thumb/v7e-m/fpv4-sp/hard/libgcc.a(_udivmoddi4.o)
                0x00000000080060a8                __exidx_end = .
                0x00000000080060a8                . = ALIGN (0x4)

.rel.dyn        0x00000000080060a8        0x0
 .rel.iplt      0x00000000080060a8        0x0 /home/branjb/Ac6/SystemWorkbench/plugins/fr.ac6.mcu.externaltools.arm-none.linux64_1.16.0.201807130628/tools/compiler/bin/../lib/gcc/arm-none-eabi/7.2.1/thumb/v7e-m/fpv4-sp/hard/crtbegin.o

.preinit_array  0x00000000080060a8        0x0
                0x00000000080060a8                . = ALIGN (0x4)
                0x00000000080060a8                PROVIDE (__preinit_array_start, .)
 *(.preinit_array*)
                0x00000000080060a8                PROVIDE (__preinit_array_end, .)
                0x00000000080060a8                . = ALIGN (0x4)

.init_array     0x00000000080060a8        0x8
                0x00000000080060a8                . = ALIGN (0x4)
                0x00000000080060a8                PROVIDE (__init_array_start, .)
 *(SORT_BY_NAME(.init_array.*))
 .init_array.00000
                0x00000000080060a8        0x4 /home/branjb/Ac6/SystemWorkbench/plugins/fr.ac6.mcu.externaltools.arm-none.linux64_1.16.0.201807130628/tools/compiler/bin/../lib/gcc/arm-none-eabi/7.2.1/../../../../arm-none-eabi/lib/thumb/v7e-m/fpv4-sp/hard/libc.a(lib_a-__call_atexit.o)
 *(.init_array*)
 .init_array    0x00000000080060ac        0x4 /home/branjb/Ac6/SystemWorkbench/plugins/fr.ac6.mcu.externaltools.arm-none.linux64_1.16.0.201807130628/tools/compiler/bin/../lib/gcc/arm-none-eabi/7.2.1/thumb/v7e-m/fpv4-sp/hard/crtbegin.o
                0x00000000080060b0                PROVIDE (__init_array_end, .)
                0x00000000080060b0                . = ALIGN (0x4)

.fini_array     0x00000000080060b0        0x4
                0x00000000080060b0                . = ALIGN (0x4)
                0x00000000080060b0                PROVIDE (__fini_array_start, .)
 *(SORT_BY_NAME(.fini_array.*))
 *(.fini_array*)
 .fini_array    0x00000000080060b0        0x4 /home/branjb/Ac6/SystemWorkbench/plugins/fr.ac6.mcu.externaltools.arm-none.linux64_1.16.0.201807130628/tools/compiler/bin/../lib/gcc/arm-none-eabi/7.2.1/thumb/v7e-m/fpv4-sp/hard/crtbegin.o
                0x00000000080060b4                PROVIDE (__fini_array_end, .)
                0x00000000080060b4                . = ALIGN (0x4)
                0x00000000080060b4                _sidata = LOADADDR (.data)

.data           0x0000000020000000      0x9b0 load address 0x00000000080060b4
                0x0000000020000000                . = ALIGN (0x4)
                0x0000000020000000                _sdata = .
 *(.data)
 .data          0x0000000020000000        0x4 src/system_stm32f4xx.o
                0x0000000020000000                SystemCoreClock
 *(.data*)
 .data._impure_ptr
                0x0000000020000004        0x4 /home/branjb/Ac6/SystemWorkbench/plugins/fr.ac6.mcu.externaltools.arm-none.linux64_1.16.0.201807130628/tools/compiler/bin/../lib/gcc/arm-none-eabi/7.2.1/../../../../arm-none-eabi/lib/thumb/v7e-m/fpv4-sp/hard/libc.a(lib_a-impure.o)
                0x0000000020000004                _impure_ptr
 .data.impure_data
                0x0000000020000008      0x428 /home/branjb/Ac6/SystemWorkbench/plugins/fr.ac6.mcu.externaltools.arm-none.linux64_1.16.0.201807130628/tools/compiler/bin/../lib/gcc/arm-none-eabi/7.2.1/../../../../arm-none-eabi/lib/thumb/v7e-m/fpv4-sp/hard/libc.a(lib_a-impure.o)
 .data.__atexit_recursive_mutex
                0x0000000020000430        0x4 /home/branjb/Ac6/SystemWorkbench/plugins/fr.ac6.mcu.externaltools.arm-none.linux64_1.16.0.201807130628/tools/compiler/bin/../lib/gcc/arm-none-eabi/7.2.1/../../../../arm-none-eabi/lib/thumb/v7e-m/fpv4-sp/hard/libc.a(lib_a-__call_atexit.o)
                0x0000000020000430                __atexit_recursive_mutex
 .data.__malloc_av_
                0x0000000020000434      0x408 /home/branjb/Ac6/SystemWorkbench/plugins/fr.ac6.mcu.externaltools.arm-none.linux64_1.16.0.201807130628/tools/compiler/bin/../lib/gcc/arm-none-eabi/7.2.1/../../../../arm-none-eabi/lib/thumb/v7e-m/fpv4-sp/hard/libc.a(lib_a-mallocr.o)
                0x0000000020000434                __malloc_av_
 .data.__malloc_sbrk_base
                0x000000002000083c        0x4 /home/branjb/Ac6/SystemWorkbench/plugins/fr.ac6.mcu.externaltools.arm-none.linux64_1.16.0.201807130628/tools/compiler/bin/../lib/gcc/arm-none-eabi/7.2.1/../../../../arm-none-eabi/lib/thumb/v7e-m/fpv4-sp/hard/libc.a(lib_a-mallocr.o)
                0x000000002000083c                __malloc_sbrk_base
 .data.__malloc_trim_threshold
                0x0000000020000840        0x4 /home/branjb/Ac6/SystemWorkbench/plugins/fr.ac6.mcu.externaltools.arm-none.linux64_1.16.0.201807130628/tools/compiler/bin/../lib/gcc/arm-none-eabi/7.2.1/../../../../arm-none-eabi/lib/thumb/v7e-m/fpv4-sp/hard/libc.a(lib_a-mallocr.o)
                0x0000000020000840                __malloc_trim_threshold
 .data.__global_locale
                0x0000000020000844      0x16c /home/branjb/Ac6/SystemWorkbench/plugins/fr.ac6.mcu.externaltools.arm-none.linux64_1.16.0.201807130628/tools/compiler/bin/../lib/gcc/arm-none-eabi/7.2.1/../../../../arm-none-eabi/lib/thumb/v7e-m/fpv4-sp/hard/libc.a(lib_a-locale.o)
                0x0000000020000844                __global_locale
                0x00000000200009b0                . = ALIGN (0x4)
                0x00000000200009b0                _edata = .

.igot.plt       0x00000000200009b0        0x0 load address 0x0000000008006a64
 .igot.plt      0x00000000200009b0        0x0 /home/branjb/Ac6/SystemWorkbench/plugins/fr.ac6.mcu.externaltools.arm-none.linux64_1.16.0.201807130628/tools/compiler/bin/../lib/gcc/arm-none-eabi/7.2.1/thumb/v7e-m/fpv4-sp/hard/crtbegin.o
                0x00000000200009b0                . = ALIGN (0x4)

.bss            0x00000000200009b0      0x4dc load address 0x0000000008006a64
                0x00000000200009b0                _sbss = .
                0x00000000200009b0                __bss_start__ = _sbss
 *(.bss)
 .bss           0x00000000200009b0       0x1c /home/branjb/Ac6/SystemWorkbench/plugins/fr.ac6.mcu.externaltools.arm-none.linux64_1.16.0.201807130628/tools/compiler/bin/../lib/gcc/arm-none-eabi/7.2.1/thumb/v7e-m/fpv4-sp/hard/crtbegin.o
 .bss           0x00000000200009cc       0x40 src/lib_exti.o
 .bss           0x0000000020000a0c      0x408 src/lib_uart.o
 .bss           0x0000000020000e14        0xa src/mpu6050.o
 *fill*         0x0000000020000e1e        0x2 
 .bss           0x0000000020000e20        0x8 src/syscalls.o
                0x0000000020000e24                __env
 *(.bss*)
 .bss.__malloc_current_mallinfo
                0x0000000020000e28       0x28 /home/branjb/Ac6/SystemWorkbench/plugins/fr.ac6.mcu.externaltools.arm-none.linux64_1.16.0.201807130628/tools/compiler/bin/../lib/gcc/arm-none-eabi/7.2.1/../../../../arm-none-eabi/lib/thumb/v7e-m/fpv4-sp/hard/libc.a(lib_a-mallocr.o)
                0x0000000020000e28                __malloc_current_mallinfo
 .bss.__malloc_max_sbrked_mem
                0x0000000020000e50        0x4 /home/branjb/Ac6/SystemWorkbench/plugins/fr.ac6.mcu.externaltools.arm-none.linux64_1.16.0.201807130628/tools/compiler/bin/../lib/gcc/arm-none-eabi/7.2.1/../../../../arm-none-eabi/lib/thumb/v7e-m/fpv4-sp/hard/libc.a(lib_a-mallocr.o)
                0x0000000020000e50                __malloc_max_sbrked_mem
 .bss.__malloc_max_total_mem
                0x0000000020000e54        0x4 /home/branjb/Ac6/SystemWorkbench/plugins/fr.ac6.mcu.externaltools.arm-none.linux64_1.16.0.201807130628/tools/compiler/bin/../lib/gcc/arm-none-eabi/7.2.1/../../../../arm-none-eabi/lib/thumb/v7e-m/fpv4-sp/hard/libc.a(lib_a-mallocr.o)
                0x0000000020000e54                __malloc_max_total_mem
 .bss.__malloc_top_pad
                0x0000000020000e58        0x4 /home/branjb/Ac6/SystemWorkbench/plugins/fr.ac6.mcu.externaltools.arm-none.linux64_1.16.0.201807130628/tools/compiler/bin/../lib/gcc/arm-none-eabi/7.2.1/../../../../arm-none-eabi/lib/thumb/v7e-m/fpv4-sp/hard/libc.a(lib_a-mallocr.o)
                0x0000000020000e58                __malloc_top_pad
 *(COMMON)
 COMMON         0x0000000020000e5c        0x8 src/mpu6050.o
                0x0000000020000e5c                event_handler
                0x0000000020000e60                i2c
 COMMON         0x0000000020000e64       0x21 /home/branjb/Ac6/SystemWorkbench/plugins/fr.ac6.mcu.externaltools.arm-none.linux64_1.16.0.201807130628/tools/compiler/bin/../lib/gcc/arm-none-eabi/7.2.1/../../../../arm-none-eabi/lib/thumb/v7e-m/fpv4-sp/hard/libc.a(lib_a-lock.o)
                0x0000000020000e64                __lock___atexit_recursive_mutex
                0x0000000020000e68                __lock___arc4random_mutex
                0x0000000020000e6c                __lock___env_recursive_mutex
                0x0000000020000e70                __lock___sinit_recursive_mutex
                0x0000000020000e74                __lock___malloc_recursive_mutex
                0x0000000020000e78                __lock___at_quick_exit_mutex
                0x0000000020000e7c                __lock___dd_hash_mutex
                0x0000000020000e80                __lock___tz_mutex
                0x0000000020000e84                __lock___sfp_recursive_mutex
 *fill*         0x0000000020000e85        0x3 
 COMMON         0x0000000020000e88        0x4 /home/branjb/Ac6/SystemWorkbench/plugins/fr.ac6.mcu.externaltools.arm-none.linux64_1.16.0.201807130628/tools/compiler/bin/../lib/gcc/arm-none-eabi/7.2.1/../../../../arm-none-eabi/lib/thumb/v7e-m/fpv4-sp/hard/libc.a(lib_a-reent.o)
                0x0000000020000e88                errno
                0x0000000020000e8c                . = ALIGN (0x4)
                0x0000000020000e8c                _ebss = .
                0x0000000020000e8c                __bss_end__ = _ebss

._user_heap_stack
                0x0000000020000e8c      0x404 load address 0x0000000008006a64
                0x0000000020000e90                . = ALIGN (0x8)
 *fill*         0x0000000020000e8c        0x4 
                0x0000000020000e90                PROVIDE (end, .)
                [!provide]                        PROVIDE (_end, .)
                0x0000000020000e90                . = (. + _Min_Heap_Size)
                0x0000000020001290                . = (. + _Min_Stack_Size)
 *fill*         0x0000000020000e90      0x400 
                0x0000000020001290                . = ALIGN (0x8)

/DISCARD/
 libc.a(*)
 libm.a(*)
 libgcc.a(*)

.ARM.attributes
                0x0000000000000000       0x30
 *(.ARM.attributes)
 .ARM.attributes
                0x0000000000000000       0x22 /home/branjb/Ac6/SystemWorkbench/plugins/fr.ac6.mcu.externaltools.arm-none.linux64_1.16.0.201807130628/tools/compiler/bin/../lib/gcc/arm-none-eabi/7.2.1/thumb/v7e-m/fpv4-sp/hard/crti.o
 .ARM.attributes
                0x0000000000000022       0x34 /home/branjb/Ac6/SystemWorkbench/plugins/fr.ac6.mcu.externaltools.arm-none.linux64_1.16.0.201807130628/tools/compiler/bin/../lib/gcc/arm-none-eabi/7.2.1/thumb/v7e-m/fpv4-sp/hard/crtbegin.o
 .ARM.attributes
                0x0000000000000056       0x39 src/lib_exti.o
 .ARM.attributes
                0x000000000000008f       0x39 src/lib_gpio.o
 .ARM.attributes
                0x00000000000000c8       0x39 src/lib_i2c.o
 .ARM.attributes
                0x0000000000000101       0x39 src/lib_uart.o
 .ARM.attributes
                0x000000000000013a       0x39 src/main.o
 .ARM.attributes
                0x0000000000000173       0x39 src/mpu6050.o
 .ARM.attributes
                0x00000000000001ac       0x39 src/syscalls.o
 .ARM.attributes
                0x00000000000001e5       0x39 src/system_stm32f4xx.o
 .ARM.attributes
                0x000000000000021e       0x21 startup/startup_stm32.o
 .ARM.attributes
                0x000000000000023f       0x22 /home/branjb/Ac6/SystemWorkbench/plugins/fr.ac6.mcu.externaltools.arm-none.linux64_1.16.0.201807130628/tools/compiler/bin/../lib/gcc/arm-none-eabi/7.2.1/thumb/v7e-m/fpv4-sp/hard/libgcc.a(_arm_addsubdf3.o)
 .ARM.attributes
                0x0000000000000261       0x22 /home/branjb/Ac6/SystemWorkbench/plugins/fr.ac6.mcu.externaltools.arm-none.linux64_1.16.0.201807130628/tools/compiler/bin/../lib/gcc/arm-none-eabi/7.2.1/thumb/v7e-m/fpv4-sp/hard/libgcc.a(_arm_muldivdf3.o)
 .ARM.attributes
                0x0000000000000283       0x22 /home/branjb/Ac6/SystemWorkbench/plugins/fr.ac6.mcu.externaltools.arm-none.linux64_1.16.0.201807130628/tools/compiler/bin/../lib/gcc/arm-none-eabi/7.2.1/thumb/v7e-m/fpv4-sp/hard/libgcc.a(_arm_fixdfsi.o)
 .ARM.attributes
                0x00000000000002a5       0x34 /home/branjb/Ac6/SystemWorkbench/plugins/fr.ac6.mcu.externaltools.arm-none.linux64_1.16.0.201807130628/tools/compiler/bin/../lib/gcc/arm-none-eabi/7.2.1/../../../../arm-none-eabi/lib/thumb/v7e-m/fpv4-sp/hard/libc.a(lib_a-errno.o)
 .ARM.attributes
                0x00000000000002d9       0x34 /home/branjb/Ac6/SystemWorkbench/plugins/fr.ac6.mcu.externaltools.arm-none.linux64_1.16.0.201807130628/tools/compiler/bin/../lib/gcc/arm-none-eabi/7.2.1/../../../../arm-none-eabi/lib/thumb/v7e-m/fpv4-sp/hard/libc.a(lib_a-impure.o)
 .ARM.attributes
                0x000000000000030d       0x34 /home/branjb/Ac6/SystemWorkbench/plugins/fr.ac6.mcu.externaltools.arm-none.linux64_1.16.0.201807130628/tools/compiler/bin/../lib/gcc/arm-none-eabi/7.2.1/../../../../arm-none-eabi/lib/thumb/v7e-m/fpv4-sp/hard/libc.a(lib_a-init.o)
 .ARM.attributes
                0x0000000000000341       0x34 /home/branjb/Ac6/SystemWorkbench/plugins/fr.ac6.mcu.externaltools.arm-none.linux64_1.16.0.201807130628/tools/compiler/bin/../lib/gcc/arm-none-eabi/7.2.1/../../../../arm-none-eabi/lib/thumb/v7e-m/fpv4-sp/hard/libc.a(lib_a-memset.o)
 .ARM.attributes
                0x0000000000000375       0x34 /home/branjb/Ac6/SystemWorkbench/plugins/fr.ac6.mcu.externaltools.arm-none.linux64_1.16.0.201807130628/tools/compiler/bin/../lib/gcc/arm-none-eabi/7.2.1/../../../../arm-none-eabi/lib/thumb/v7e-m/fpv4-sp/hard/libc.a(lib_a-sprintf.o)
 .ARM.attributes
                0x00000000000003a9       0x34 /home/branjb/Ac6/SystemWorkbench/plugins/fr.ac6.mcu.externaltools.arm-none.linux64_1.16.0.201807130628/tools/compiler/bin/../lib/gcc/arm-none-eabi/7.2.1/../../../../arm-none-eabi/lib/thumb/v7e-m/fpv4-sp/hard/libc.a(lib_a-svfprintf.o)
 .ARM.attributes
                0x00000000000003dd       0x34 /home/branjb/Ac6/SystemWorkbench/plugins/fr.ac6.mcu.externaltools.arm-none.linux64_1.16.0.201807130628/tools/compiler/bin/../lib/gcc/arm-none-eabi/7.2.1/../../../../arm-none-eabi/lib/thumb/v7e-m/fpv4-sp/hard/libc.a(lib_a-__call_atexit.o)
 .ARM.attributes
                0x0000000000000411       0x34 /home/branjb/Ac6/SystemWorkbench/plugins/fr.ac6.mcu.externaltools.arm-none.linux64_1.16.0.201807130628/tools/compiler/bin/../lib/gcc/arm-none-eabi/7.2.1/../../../../arm-none-eabi/lib/thumb/v7e-m/fpv4-sp/hard/libc.a(lib_a-atexit.o)
 .ARM.attributes
                0x0000000000000445       0x34 /home/branjb/Ac6/SystemWorkbench/plugins/fr.ac6.mcu.externaltools.arm-none.linux64_1.16.0.201807130628/tools/compiler/bin/../lib/gcc/arm-none-eabi/7.2.1/../../../../arm-none-eabi/lib/thumb/v7e-m/fpv4-sp/hard/libc.a(lib_a-dtoa.o)
 .ARM.attributes
                0x0000000000000479       0x34 /home/branjb/Ac6/SystemWorkbench/plugins/fr.ac6.mcu.externaltools.arm-none.linux64_1.16.0.201807130628/tools/compiler/bin/../lib/gcc/arm-none-eabi/7.2.1/../../../../arm-none-eabi/lib/thumb/v7e-m/fpv4-sp/hard/libc.a(lib_a-fini.o)
 .ARM.attributes
                0x00000000000004ad       0x34 /home/branjb/Ac6/SystemWorkbench/plugins/fr.ac6.mcu.externaltools.arm-none.linux64_1.16.0.201807130628/tools/compiler/bin/../lib/gcc/arm-none-eabi/7.2.1/../../../../arm-none-eabi/lib/thumb/v7e-m/fpv4-sp/hard/libc.a(lib_a-localeconv.o)
 .ARM.attributes
                0x00000000000004e1       0x34 /home/branjb/Ac6/SystemWorkbench/plugins/fr.ac6.mcu.externaltools.arm-none.linux64_1.16.0.201807130628/tools/compiler/bin/../lib/gcc/arm-none-eabi/7.2.1/../../../../arm-none-eabi/lib/thumb/v7e-m/fpv4-sp/hard/libc.a(lib_a-lock.o)
 .ARM.attributes
                0x0000000000000515       0x34 /home/branjb/Ac6/SystemWorkbench/plugins/fr.ac6.mcu.externaltools.arm-none.linux64_1.16.0.201807130628/tools/compiler/bin/../lib/gcc/arm-none-eabi/7.2.1/../../../../arm-none-eabi/lib/thumb/v7e-m/fpv4-sp/hard/libc.a(lib_a-mallocr.o)
 .ARM.attributes
                0x0000000000000549       0x20 /home/branjb/Ac6/SystemWorkbench/plugins/fr.ac6.mcu.externaltools.arm-none.linux64_1.16.0.201807130628/tools/compiler/bin/../lib/gcc/arm-none-eabi/7.2.1/../../../../arm-none-eabi/lib/thumb/v7e-m/fpv4-sp/hard/libc.a(lib_a-memchr.o)
 .ARM.attributes
                0x0000000000000569       0x20 /home/branjb/Ac6/SystemWorkbench/plugins/fr.ac6.mcu.externaltools.arm-none.linux64_1.16.0.201807130628/tools/compiler/bin/../lib/gcc/arm-none-eabi/7.2.1/../../../../arm-none-eabi/lib/thumb/v7e-m/fpv4-sp/hard/libc.a(lib_a-memcpy.o)
 .ARM.attributes
                0x0000000000000589       0x34 /home/branjb/Ac6/SystemWorkbench/plugins/fr.ac6.mcu.externaltools.arm-none.linux64_1.16.0.201807130628/tools/compiler/bin/../lib/gcc/arm-none-eabi/7.2.1/../../../../arm-none-eabi/lib/thumb/v7e-m/fpv4-sp/hard/libc.a(lib_a-mlock.o)
 .ARM.attributes
                0x00000000000005bd       0x34 /home/branjb/Ac6/SystemWorkbench/plugins/fr.ac6.mcu.externaltools.arm-none.linux64_1.16.0.201807130628/tools/compiler/bin/../lib/gcc/arm-none-eabi/7.2.1/../../../../arm-none-eabi/lib/thumb/v7e-m/fpv4-sp/hard/libc.a(lib_a-mprec.o)
 .ARM.attributes
                0x00000000000005f1       0x34 /home/branjb/Ac6/SystemWorkbench/plugins/fr.ac6.mcu.externaltools.arm-none.linux64_1.16.0.201807130628/tools/compiler/bin/../lib/gcc/arm-none-eabi/7.2.1/../../../../arm-none-eabi/lib/thumb/v7e-m/fpv4-sp/hard/libc.a(lib_a-sbrkr.o)
 .ARM.attributes
                0x0000000000000625       0x20 /home/branjb/Ac6/SystemWorkbench/plugins/fr.ac6.mcu.externaltools.arm-none.linux64_1.16.0.201807130628/tools/compiler/bin/../lib/gcc/arm-none-eabi/7.2.1/../../../../arm-none-eabi/lib/thumb/v7e-m/fpv4-sp/hard/libc.a(lib_a-strlen.o)
 .ARM.attributes
                0x0000000000000645       0x34 /home/branjb/Ac6/SystemWorkbench/plugins/fr.ac6.mcu.externaltools.arm-none.linux64_1.16.0.201807130628/tools/compiler/bin/../lib/gcc/arm-none-eabi/7.2.1/../../../../arm-none-eabi/lib/thumb/v7e-m/fpv4-sp/hard/libc.a(lib_a-svfiprintf.o)
 .ARM.attributes
                0x0000000000000679       0x34 /home/branjb/Ac6/SystemWorkbench/plugins/fr.ac6.mcu.externaltools.arm-none.linux64_1.16.0.201807130628/tools/compiler/bin/../lib/gcc/arm-none-eabi/7.2.1/../../../../arm-none-eabi/lib/thumb/v7e-m/fpv4-sp/hard/libc.a(lib_a-__atexit.o)
 .ARM.attributes
                0x00000000000006ad       0x34 /home/branjb/Ac6/SystemWorkbench/plugins/fr.ac6.mcu.externaltools.arm-none.linux64_1.16.0.201807130628/tools/compiler/bin/../lib/gcc/arm-none-eabi/7.2.1/../../../../arm-none-eabi/lib/thumb/v7e-m/fpv4-sp/hard/libc.a(lib_a-callocr.o)
 .ARM.attributes
                0x00000000000006e1       0x34 /home/branjb/Ac6/SystemWorkbench/plugins/fr.ac6.mcu.externaltools.arm-none.linux64_1.16.0.201807130628/tools/compiler/bin/../lib/gcc/arm-none-eabi/7.2.1/../../../../arm-none-eabi/lib/thumb/v7e-m/fpv4-sp/hard/libc.a(lib_a-freer.o)
 .ARM.attributes
                0x0000000000000715       0x34 /home/branjb/Ac6/SystemWorkbench/plugins/fr.ac6.mcu.externaltools.arm-none.linux64_1.16.0.201807130628/tools/compiler/bin/../lib/gcc/arm-none-eabi/7.2.1/../../../../arm-none-eabi/lib/thumb/v7e-m/fpv4-sp/hard/libc.a(lib_a-locale.o)
 .ARM.attributes
                0x0000000000000749       0x34 /home/branjb/Ac6/SystemWorkbench/plugins/fr.ac6.mcu.externaltools.arm-none.linux64_1.16.0.201807130628/tools/compiler/bin/../lib/gcc/arm-none-eabi/7.2.1/../../../../arm-none-eabi/lib/thumb/v7e-m/fpv4-sp/hard/libc.a(lib_a-mbtowc_r.o)
 .ARM.attributes
                0x000000000000077d       0x34 /home/branjb/Ac6/SystemWorkbench/plugins/fr.ac6.mcu.externaltools.arm-none.linux64_1.16.0.201807130628/tools/compiler/bin/../lib/gcc/arm-none-eabi/7.2.1/../../../../arm-none-eabi/lib/thumb/v7e-m/fpv4-sp/hard/libc.a(lib_a-memmove.o)
 .ARM.attributes
                0x00000000000007b1       0x34 /home/branjb/Ac6/SystemWorkbench/plugins/fr.ac6.mcu.externaltools.arm-none.linux64_1.16.0.201807130628/tools/compiler/bin/../lib/gcc/arm-none-eabi/7.2.1/../../../../arm-none-eabi/lib/thumb/v7e-m/fpv4-sp/hard/libc.a(lib_a-reallocr.o)
 .ARM.attributes
                0x00000000000007e5       0x34 /home/branjb/Ac6/SystemWorkbench/plugins/fr.ac6.mcu.externaltools.arm-none.linux64_1.16.0.201807130628/tools/compiler/bin/../lib/gcc/arm-none-eabi/7.2.1/../../../../arm-none-eabi/lib/thumb/v7e-m/fpv4-sp/hard/libc.a(lib_a-reent.o)
 .ARM.attributes
                0x0000000000000819       0x34 /home/branjb/Ac6/SystemWorkbench/plugins/fr.ac6.mcu.externaltools.arm-none.linux64_1.16.0.201807130628/tools/compiler/bin/../lib/gcc/arm-none-eabi/7.2.1/../../../../arm-none-eabi/lib/thumb/v7e-m/fpv4-sp/hard/libc.a(lib_a-wctomb_r.o)
 .ARM.attributes
                0x000000000000084d       0x34 /home/branjb/Ac6/SystemWorkbench/plugins/fr.ac6.mcu.externaltools.arm-none.linux64_1.16.0.201807130628/tools/compiler/bin/../lib/gcc/arm-none-eabi/7.2.1/../../../../arm-none-eabi/lib/thumb/v7e-m/fpv4-sp/hard/libc.a(lib_a-ctype_.o)
 .ARM.attributes
                0x0000000000000881       0x22 /home/branjb/Ac6/SystemWorkbench/plugins/fr.ac6.mcu.externaltools.arm-none.linux64_1.16.0.201807130628/tools/compiler/bin/../lib/gcc/arm-none-eabi/7.2.1/thumb/v7e-m/fpv4-sp/hard/libgcc.a(_arm_cmpdf2.o)
 .ARM.attributes
                0x00000000000008a3       0x22 /home/branjb/Ac6/SystemWorkbench/plugins/fr.ac6.mcu.externaltools.arm-none.linux64_1.16.0.201807130628/tools/compiler/bin/../lib/gcc/arm-none-eabi/7.2.1/thumb/v7e-m/fpv4-sp/hard/libgcc.a(_arm_unorddf2.o)
 .ARM.attributes
                0x00000000000008c5       0x22 /home/branjb/Ac6/SystemWorkbench/plugins/fr.ac6.mcu.externaltools.arm-none.linux64_1.16.0.201807130628/tools/compiler/bin/../lib/gcc/arm-none-eabi/7.2.1/thumb/v7e-m/fpv4-sp/hard/libgcc.a(_aeabi_uldivmod.o)
 .ARM.attributes
                0x00000000000008e7       0x34 /home/branjb/Ac6/SystemWorkbench/plugins/fr.ac6.mcu.externaltools.arm-none.linux64_1.16.0.201807130628/tools/compiler/bin/../lib/gcc/arm-none-eabi/7.2.1/thumb/v7e-m/fpv4-sp/hard/libgcc.a(_udivmoddi4.o)
 .ARM.attributes
                0x000000000000091b       0x22 /home/branjb/Ac6/SystemWorkbench/plugins/fr.ac6.mcu.externaltools.arm-none.linux64_1.16.0.201807130628/tools/compiler/bin/../lib/gcc/arm-none-eabi/7.2.1/thumb/v7e-m/fpv4-sp/hard/libgcc.a(_dvmd_tls.o)
 .ARM.attributes
                0x000000000000093d       0x22 /home/branjb/Ac6/SystemWorkbench/plugins/fr.ac6.mcu.externaltools.arm-none.linux64_1.16.0.201807130628/tools/compiler/bin/../lib/gcc/arm-none-eabi/7.2.1/thumb/v7e-m/fpv4-sp/hard/crtn.o
OUTPUT(HelloWorld.elf elf32-littlearm)

.debug_info     0x0000000000000000     0x573f
 .debug_info    0x0000000000000000      0xcd8 src/lib_exti.o
 .debug_info    0x0000000000000cd8      0x818 src/lib_gpio.o
 .debug_info    0x00000000000014f0      0xa50 src/lib_i2c.o
 .debug_info    0x0000000000001f40     0x1326 src/lib_uart.o
 .debug_info    0x0000000000003266      0x702 src/main.o
 .debug_info    0x0000000000003968      0x84e src/mpu6050.o
 .debug_info    0x00000000000041b6      0xf8c src/syscalls.o
 .debug_info    0x0000000000005142      0x5db src/system_stm32f4xx.o
 .debug_info    0x000000000000571d       0x22 startup/startup_stm32.o

.debug_abbrev   0x0000000000000000     0x1029
 .debug_abbrev  0x0000000000000000      0x20c src/lib_exti.o
 .debug_abbrev  0x000000000000020c      0x167 src/lib_gpio.o
 .debug_abbrev  0x0000000000000373      0x200 src/lib_i2c.o
 .debug_abbrev  0x0000000000000573      0x32f src/lib_uart.o
 .debug_abbrev  0x00000000000008a2      0x1d5 src/main.o
 .debug_abbrev  0x0000000000000a77      0x1b1 src/mpu6050.o
 .debug_abbrev  0x0000000000000c28      0x2cf src/syscalls.o
 .debug_abbrev  0x0000000000000ef7      0x120 src/system_stm32f4xx.o
 .debug_abbrev  0x0000000000001017       0x12 startup/startup_stm32.o

.debug_loc      0x0000000000000000     0x1d1c
 .debug_loc     0x0000000000000000      0x284 src/lib_exti.o
 .debug_loc     0x0000000000000284      0x6b4 src/lib_gpio.o
 .debug_loc     0x0000000000000938      0x363 src/lib_i2c.o
 .debug_loc     0x0000000000000c9b      0x3f5 src/lib_uart.o
 .debug_loc     0x0000000000001090      0x1a0 src/main.o
 .debug_loc     0x0000000000001230      0x5ff src/mpu6050.o
 .debug_loc     0x000000000000182f      0x3af src/syscalls.o
 .debug_loc     0x0000000000001bde      0x13e src/system_stm32f4xx.o

.debug_aranges  0x0000000000000000      0x260
 .debug_aranges
                0x0000000000000000       0x60 src/lib_exti.o
 .debug_aranges
                0x0000000000000060       0x28 src/lib_gpio.o
 .debug_aranges
                0x0000000000000088       0x30 src/lib_i2c.o
 .debug_aranges
                0x00000000000000b8       0x58 src/lib_uart.o
 .debug_aranges
                0x0000000000000110       0x28 src/main.o
 .debug_aranges
                0x0000000000000138       0x28 src/mpu6050.o
 .debug_aranges
                0x0000000000000160       0xb0 src/syscalls.o
 .debug_aranges
                0x0000000000000210       0x28 src/system_stm32f4xx.o
 .debug_aranges
                0x0000000000000238       0x28 startup/startup_stm32.o

.debug_ranges   0x0000000000000000      0x208
 .debug_ranges  0x0000000000000000       0x50 src/lib_exti.o
 .debug_ranges  0x0000000000000050       0x18 src/lib_gpio.o
 .debug_ranges  0x0000000000000068       0x38 src/lib_i2c.o
 .debug_ranges  0x00000000000000a0       0x48 src/lib_uart.o
 .debug_ranges  0x00000000000000e8       0x30 src/main.o
 .debug_ranges  0x0000000000000118       0x18 src/mpu6050.o
 .debug_ranges  0x0000000000000130       0xa0 src/syscalls.o
 .debug_ranges  0x00000000000001d0       0x18 src/system_stm32f4xx.o
 .debug_ranges  0x00000000000001e8       0x20 startup/startup_stm32.o

.debug_macro    0x0000000000000000    0x1b9d9
 .debug_macro   0x0000000000000000       0xc9 src/lib_exti.o
 .debug_macro   0x00000000000000c9      0xa66 src/lib_exti.o
 .debug_macro   0x0000000000000b2f       0x28 src/lib_exti.o
 .debug_macro   0x0000000000000b57       0x22 src/lib_exti.o
 .debug_macro   0x0000000000000b79       0x4f src/lib_exti.o
 .debug_macro   0x0000000000000bc8       0x51 src/lib_exti.o
 .debug_macro   0x0000000000000c19       0xef src/lib_exti.o
 .debug_macro   0x0000000000000d08       0x6a src/lib_exti.o
 .debug_macro   0x0000000000000d72      0x1df src/lib_exti.o
 .debug_macro   0x0000000000000f51       0x35 src/lib_exti.o
 .debug_macro   0x0000000000000f86       0x50 src/lib_exti.o
 .debug_macro   0x0000000000000fd6      0xe66 src/lib_exti.o
 .debug_macro   0x0000000000001e3c    0x17e1c src/lib_exti.o
 .debug_macro   0x0000000000019c58       0xc5 src/lib_gpio.o
 .debug_macro   0x0000000000019d1d       0xd8 src/lib_i2c.o
 .debug_macro   0x0000000000019df5       0x58 src/lib_i2c.o
 .debug_macro   0x0000000000019e4d      0x1e4 src/lib_uart.o
 .debug_macro   0x000000000001a031       0x58 src/lib_uart.o
 .debug_macro   0x000000000001a089       0x17 src/lib_uart.o
 .debug_macro   0x000000000001a0a0       0x35 src/lib_uart.o
 .debug_macro   0x000000000001a0d5       0x9c src/lib_uart.o
 .debug_macro   0x000000000001a171       0x16 src/lib_uart.o
 .debug_macro   0x000000000001a187       0x97 src/lib_uart.o
 .debug_macro   0x000000000001a21e      0x353 src/lib_uart.o
 .debug_macro   0x000000000001a571       0xf6 src/lib_uart.o
 .debug_macro   0x000000000001a667       0x10 src/lib_uart.o
 .debug_macro   0x000000000001a677       0x58 src/lib_uart.o
 .debug_macro   0x000000000001a6cf       0x1f src/lib_uart.o
 .debug_macro   0x000000000001a6ee       0x43 src/lib_uart.o
 .debug_macro   0x000000000001a731       0x20 src/lib_uart.o
 .debug_macro   0x000000000001a751      0x18e src/lib_uart.o
 .debug_macro   0x000000000001a8df       0x10 src/lib_uart.o
 .debug_macro   0x000000000001a8ef       0xb6 src/lib_uart.o
 .debug_macro   0x000000000001a9a5       0x16 src/lib_uart.o
 .debug_macro   0x000000000001a9bb      0x129 src/lib_uart.o
 .debug_macro   0x000000000001aae4       0x16 src/lib_uart.o
 .debug_macro   0x000000000001aafa       0x35 src/lib_uart.o
 .debug_macro   0x000000000001ab2f       0x52 src/lib_uart.o
 .debug_macro   0x000000000001ab81       0xf7 src/main.o
 .debug_macro   0x000000000001ac78      0x130 src/main.o
 .debug_macro   0x000000000001ada8       0x2c src/main.o
 .debug_macro   0x000000000001add4       0x43 src/main.o
 .debug_macro   0x000000000001ae17       0xf6 src/mpu6050.o
 .debug_macro   0x000000000001af0d      0x203 src/syscalls.o
 .debug_macro   0x000000000001b110       0x52 src/syscalls.o
 .debug_macro   0x000000000001b162       0x55 src/syscalls.o
 .debug_macro   0x000000000001b1b7       0x57 src/syscalls.o
 .debug_macro   0x000000000001b20e      0x16d src/syscalls.o
 .debug_macro   0x000000000001b37b       0x10 src/syscalls.o
 .debug_macro   0x000000000001b38b       0x10 src/syscalls.o
 .debug_macro   0x000000000001b39b       0x10 src/syscalls.o
 .debug_macro   0x000000000001b3ab       0x2e src/syscalls.o
 .debug_macro   0x000000000001b3d9       0xf5 src/syscalls.o
 .debug_macro   0x000000000001b4ce       0x16 src/syscalls.o
 .debug_macro   0x000000000001b4e4       0x22 src/syscalls.o
 .debug_macro   0x000000000001b506       0x10 src/syscalls.o
 .debug_macro   0x000000000001b516      0x241 src/syscalls.o
 .debug_macro   0x000000000001b757       0x1c src/syscalls.o
 .debug_macro   0x000000000001b773      0x105 src/syscalls.o
 .debug_macro   0x000000000001b878       0x16 src/syscalls.o
 .debug_macro   0x000000000001b88e       0x10 src/syscalls.o
 .debug_macro   0x000000000001b89e       0x43 src/syscalls.o
 .debug_macro   0x000000000001b8e1       0xf8 src/system_stm32f4xx.o

.debug_line     0x0000000000000000     0x2be9
 .debug_line    0x0000000000000000      0x5f5 src/lib_exti.o
 .debug_line    0x00000000000005f5      0x523 src/lib_gpio.o
 .debug_line    0x0000000000000b18      0x596 src/lib_i2c.o
 .debug_line    0x00000000000010ae      0x676 src/lib_uart.o
 .debug_line    0x0000000000001724      0x4f1 src/main.o
 .debug_line    0x0000000000001c15      0x4fe src/mpu6050.o
 .debug_line    0x0000000000002113      0x5b8 src/syscalls.o
 .debug_line    0x00000000000026cb      0x4a2 src/system_stm32f4xx.o
 .debug_line    0x0000000000002b6d       0x7c startup/startup_stm32.o

.debug_str      0x0000000000000000    0x94d2a
 .debug_str     0x0000000000000000    0x8f8e9 src/lib_exti.o
                                      0x8faa0 (size before relaxing)
 .debug_str     0x000000000008f8e9       0x8a src/lib_gpio.o
                                      0x8f448 (size before relaxing)
 .debug_str     0x000000000008f973      0x285 src/lib_i2c.o
                                      0x8f66e (size before relaxing)
 .debug_str     0x000000000008fbf8     0x3806 src/lib_uart.o
                                      0x92e10 (size before relaxing)
 .debug_str     0x00000000000933fe      0x862 src/main.o
                                      0x8fbd5 (size before relaxing)
 .debug_str     0x0000000000093c60      0x132 src/mpu6050.o
                                      0x8f81c (size before relaxing)
 .debug_str     0x0000000000093d92      0xe1d src/syscalls.o
                                       0x7773 (size before relaxing)
 .debug_str     0x0000000000094baf      0x151 src/system_stm32f4xx.o
                                      0x8f697 (size before relaxing)
 .debug_str     0x0000000000094d00       0x2a startup/startup_stm32.o
                                         0x52 (size before relaxing)

.comment        0x0000000000000000       0x7e
 .comment       0x0000000000000000       0x7e src/lib_exti.o
                                         0x7f (size before relaxing)
 .comment       0x000000000000007e       0x7f src/lib_gpio.o
 .comment       0x000000000000007e       0x7f src/lib_i2c.o
 .comment       0x000000000000007e       0x7f src/lib_uart.o
 .comment       0x000000000000007e       0x7f src/main.o
 .comment       0x000000000000007e       0x7f src/mpu6050.o
 .comment       0x000000000000007e       0x7f src/syscalls.o
 .comment       0x000000000000007e       0x7f src/system_stm32f4xx.o

.debug_frame    0x0000000000000000     0x11b0
 .debug_frame   0x0000000000000000       0xf4 src/lib_exti.o
 .debug_frame   0x00000000000000f4       0x5c src/lib_gpio.o
 .debug_frame   0x0000000000000150       0x80 src/lib_i2c.o
 .debug_frame   0x00000000000001d0      0x134 src/lib_uart.o
 .debug_frame   0x0000000000000304       0x4c src/main.o
 .debug_frame   0x0000000000000350       0x58 src/mpu6050.o
 .debug_frame   0x00000000000003a8      0x1a8 src/syscalls.o
 .debug_frame   0x0000000000000550       0x3c src/system_stm32f4xx.o
 .debug_frame   0x000000000000058c       0xac /home/branjb/Ac6/SystemWorkbench/plugins/fr.ac6.mcu.externaltools.arm-none.linux64_1.16.0.201807130628/tools/compiler/bin/../lib/gcc/arm-none-eabi/7.2.1/thumb/v7e-m/fpv4-sp/hard/libgcc.a(_arm_addsubdf3.o)
 .debug_frame   0x0000000000000638       0x50 /home/branjb/Ac6/SystemWorkbench/plugins/fr.ac6.mcu.externaltools.arm-none.linux64_1.16.0.201807130628/tools/compiler/bin/../lib/gcc/arm-none-eabi/7.2.1/thumb/v7e-m/fpv4-sp/hard/libgcc.a(_arm_muldivdf3.o)
 .debug_frame   0x0000000000000688       0x24 /home/branjb/Ac6/SystemWorkbench/plugins/fr.ac6.mcu.externaltools.arm-none.linux64_1.16.0.201807130628/tools/compiler/bin/../lib/gcc/arm-none-eabi/7.2.1/thumb/v7e-m/fpv4-sp/hard/libgcc.a(_arm_fixdfsi.o)
 .debug_frame   0x00000000000006ac       0x20 /home/branjb/Ac6/SystemWorkbench/plugins/fr.ac6.mcu.externaltools.arm-none.linux64_1.16.0.201807130628/tools/compiler/bin/../lib/gcc/arm-none-eabi/7.2.1/../../../../arm-none-eabi/lib/thumb/v7e-m/fpv4-sp/hard/libc.a(lib_a-errno.o)
 .debug_frame   0x00000000000006cc       0x2c /home/branjb/Ac6/SystemWorkbench/plugins/fr.ac6.mcu.externaltools.arm-none.linux64_1.16.0.201807130628/tools/compiler/bin/../lib/gcc/arm-none-eabi/7.2.1/../../../../arm-none-eabi/lib/thumb/v7e-m/fpv4-sp/hard/libc.a(lib_a-init.o)
 .debug_frame   0x00000000000006f8       0x38 /home/branjb/Ac6/SystemWorkbench/plugins/fr.ac6.mcu.externaltools.arm-none.linux64_1.16.0.201807130628/tools/compiler/bin/../lib/gcc/arm-none-eabi/7.2.1/../../../../arm-none-eabi/lib/thumb/v7e-m/fpv4-sp/hard/libc.a(lib_a-memset.o)
 .debug_frame   0x0000000000000730       0x80 /home/branjb/Ac6/SystemWorkbench/plugins/fr.ac6.mcu.externaltools.arm-none.linux64_1.16.0.201807130628/tools/compiler/bin/../lib/gcc/arm-none-eabi/7.2.1/../../../../arm-none-eabi/lib/thumb/v7e-m/fpv4-sp/hard/libc.a(lib_a-sprintf.o)
 .debug_frame   0x00000000000007b0       0x40 /home/branjb/Ac6/SystemWorkbench/plugins/fr.ac6.mcu.externaltools.arm-none.linux64_1.16.0.201807130628/tools/compiler/bin/../lib/gcc/arm-none-eabi/7.2.1/../../../../arm-none-eabi/lib/thumb/v7e-m/fpv4-sp/hard/libc.a(lib_a-svfprintf.o)
 .debug_frame   0x00000000000007f0       0x5c /home/branjb/Ac6/SystemWorkbench/plugins/fr.ac6.mcu.externaltools.arm-none.linux64_1.16.0.201807130628/tools/compiler/bin/../lib/gcc/arm-none-eabi/7.2.1/../../../../arm-none-eabi/lib/thumb/v7e-m/fpv4-sp/hard/libc.a(lib_a-__call_atexit.o)
 .debug_frame   0x000000000000084c       0x20 /home/branjb/Ac6/SystemWorkbench/plugins/fr.ac6.mcu.externaltools.arm-none.linux64_1.16.0.201807130628/tools/compiler/bin/../lib/gcc/arm-none-eabi/7.2.1/../../../../arm-none-eabi/lib/thumb/v7e-m/fpv4-sp/hard/libc.a(lib_a-atexit.o)
 .debug_frame   0x000000000000086c       0x88 /home/branjb/Ac6/SystemWorkbench/plugins/fr.ac6.mcu.externaltools.arm-none.linux64_1.16.0.201807130628/tools/compiler/bin/../lib/gcc/arm-none-eabi/7.2.1/../../../../arm-none-eabi/lib/thumb/v7e-m/fpv4-sp/hard/libc.a(lib_a-dtoa.o)
 .debug_frame   0x00000000000008f4       0x34 /home/branjb/Ac6/SystemWorkbench/plugins/fr.ac6.mcu.externaltools.arm-none.linux64_1.16.0.201807130628/tools/compiler/bin/../lib/gcc/arm-none-eabi/7.2.1/../../../../arm-none-eabi/lib/thumb/v7e-m/fpv4-sp/hard/libc.a(lib_a-fini.o)
 .debug_frame   0x0000000000000928       0x40 /home/branjb/Ac6/SystemWorkbench/plugins/fr.ac6.mcu.externaltools.arm-none.linux64_1.16.0.201807130628/tools/compiler/bin/../lib/gcc/arm-none-eabi/7.2.1/../../../../arm-none-eabi/lib/thumb/v7e-m/fpv4-sp/hard/libc.a(lib_a-localeconv.o)
 .debug_frame   0x0000000000000968       0xb0 /home/branjb/Ac6/SystemWorkbench/plugins/fr.ac6.mcu.externaltools.arm-none.linux64_1.16.0.201807130628/tools/compiler/bin/../lib/gcc/arm-none-eabi/7.2.1/../../../../arm-none-eabi/lib/thumb/v7e-m/fpv4-sp/hard/libc.a(lib_a-lock.o)
 .debug_frame   0x0000000000000a18       0x54 /home/branjb/Ac6/SystemWorkbench/plugins/fr.ac6.mcu.externaltools.arm-none.linux64_1.16.0.201807130628/tools/compiler/bin/../lib/gcc/arm-none-eabi/7.2.1/../../../../arm-none-eabi/lib/thumb/v7e-m/fpv4-sp/hard/libc.a(lib_a-mallocr.o)
 .debug_frame   0x0000000000000a6c       0x30 /home/branjb/Ac6/SystemWorkbench/plugins/fr.ac6.mcu.externaltools.arm-none.linux64_1.16.0.201807130628/tools/compiler/bin/../lib/gcc/arm-none-eabi/7.2.1/../../../../arm-none-eabi/lib/thumb/v7e-m/fpv4-sp/hard/libc.a(lib_a-mlock.o)
 .debug_frame   0x0000000000000a9c      0x25c /home/branjb/Ac6/SystemWorkbench/plugins/fr.ac6.mcu.externaltools.arm-none.linux64_1.16.0.201807130628/tools/compiler/bin/../lib/gcc/arm-none-eabi/7.2.1/../../../../arm-none-eabi/lib/thumb/v7e-m/fpv4-sp/hard/libc.a(lib_a-mprec.o)
 .debug_frame   0x0000000000000cf8       0x2c /home/branjb/Ac6/SystemWorkbench/plugins/fr.ac6.mcu.externaltools.arm-none.linux64_1.16.0.201807130628/tools/compiler/bin/../lib/gcc/arm-none-eabi/7.2.1/../../../../arm-none-eabi/lib/thumb/v7e-m/fpv4-sp/hard/libc.a(lib_a-sbrkr.o)
 .debug_frame   0x0000000000000d24       0x78 /home/branjb/Ac6/SystemWorkbench/plugins/fr.ac6.mcu.externaltools.arm-none.linux64_1.16.0.201807130628/tools/compiler/bin/../lib/gcc/arm-none-eabi/7.2.1/../../../../arm-none-eabi/lib/thumb/v7e-m/fpv4-sp/hard/libc.a(lib_a-svfiprintf.o)
 .debug_frame   0x0000000000000d9c       0x34 /home/branjb/Ac6/SystemWorkbench/plugins/fr.ac6.mcu.externaltools.arm-none.linux64_1.16.0.201807130628/tools/compiler/bin/../lib/gcc/arm-none-eabi/7.2.1/../../../../arm-none-eabi/lib/thumb/v7e-m/fpv4-sp/hard/libc.a(lib_a-__atexit.o)
 .debug_frame   0x0000000000000dd0       0x28 /home/branjb/Ac6/SystemWorkbench/plugins/fr.ac6.mcu.externaltools.arm-none.linux64_1.16.0.201807130628/tools/compiler/bin/../lib/gcc/arm-none-eabi/7.2.1/../../../../arm-none-eabi/lib/thumb/v7e-m/fpv4-sp/hard/libc.a(lib_a-callocr.o)
 .debug_frame   0x0000000000000df8       0x80 /home/branjb/Ac6/SystemWorkbench/plugins/fr.ac6.mcu.externaltools.arm-none.linux64_1.16.0.201807130628/tools/compiler/bin/../lib/gcc/arm-none-eabi/7.2.1/../../../../arm-none-eabi/lib/thumb/v7e-m/fpv4-sp/hard/libc.a(lib_a-freer.o)
 .debug_frame   0x0000000000000e78       0x6c /home/branjb/Ac6/SystemWorkbench/plugins/fr.ac6.mcu.externaltools.arm-none.linux64_1.16.0.201807130628/tools/compiler/bin/../lib/gcc/arm-none-eabi/7.2.1/../../../../arm-none-eabi/lib/thumb/v7e-m/fpv4-sp/hard/libc.a(lib_a-locale.o)
 .debug_frame   0x0000000000000ee4       0x4c /home/branjb/Ac6/SystemWorkbench/plugins/fr.ac6.mcu.externaltools.arm-none.linux64_1.16.0.201807130628/tools/compiler/bin/../lib/gcc/arm-none-eabi/7.2.1/../../../../arm-none-eabi/lib/thumb/v7e-m/fpv4-sp/hard/libc.a(lib_a-mbtowc_r.o)
 .debug_frame   0x0000000000000f30       0x40 /home/branjb/Ac6/SystemWorkbench/plugins/fr.ac6.mcu.externaltools.arm-none.linux64_1.16.0.201807130628/tools/compiler/bin/../lib/gcc/arm-none-eabi/7.2.1/../../../../arm-none-eabi/lib/thumb/v7e-m/fpv4-sp/hard/libc.a(lib_a-memmove.o)
 .debug_frame   0x0000000000000f70       0x58 /home/branjb/Ac6/SystemWorkbench/plugins/fr.ac6.mcu.externaltools.arm-none.linux64_1.16.0.201807130628/tools/compiler/bin/../lib/gcc/arm-none-eabi/7.2.1/../../../../arm-none-eabi/lib/thumb/v7e-m/fpv4-sp/hard/libc.a(lib_a-reallocr.o)
 .debug_frame   0x0000000000000fc8       0x68 /home/branjb/Ac6/SystemWorkbench/plugins/fr.ac6.mcu.externaltools.arm-none.linux64_1.16.0.201807130628/tools/compiler/bin/../lib/gcc/arm-none-eabi/7.2.1/../../../../arm-none-eabi/lib/thumb/v7e-m/fpv4-sp/hard/libc.a(lib_a-reent.o)
 .debug_frame   0x0000000000001030       0x3c /home/branjb/Ac6/SystemWorkbench/plugins/fr.ac6.mcu.externaltools.arm-none.linux64_1.16.0.201807130628/tools/compiler/bin/../lib/gcc/arm-none-eabi/7.2.1/../../../../arm-none-eabi/lib/thumb/v7e-m/fpv4-sp/hard/libc.a(lib_a-wctomb_r.o)
 .debug_frame   0x000000000000106c       0xc4 /home/branjb/Ac6/SystemWorkbench/plugins/fr.ac6.mcu.externaltools.arm-none.linux64_1.16.0.201807130628/tools/compiler/bin/../lib/gcc/arm-none-eabi/7.2.1/thumb/v7e-m/fpv4-sp/hard/libgcc.a(_arm_cmpdf2.o)
 .debug_frame   0x0000000000001130       0x20 /home/branjb/Ac6/SystemWorkbench/plugins/fr.ac6.mcu.externaltools.arm-none.linux64_1.16.0.201807130628/tools/compiler/bin/../lib/gcc/arm-none-eabi/7.2.1/thumb/v7e-m/fpv4-sp/hard/libgcc.a(_arm_unorddf2.o)
 .debug_frame   0x0000000000001150       0x2c /home/branjb/Ac6/SystemWorkbench/plugins/fr.ac6.mcu.externaltools.arm-none.linux64_1.16.0.201807130628/tools/compiler/bin/../lib/gcc/arm-none-eabi/7.2.1/thumb/v7e-m/fpv4-sp/hard/libgcc.a(_aeabi_uldivmod.o)
 .debug_frame   0x000000000000117c       0x34 /home/branjb/Ac6/SystemWorkbench/plugins/fr.ac6.mcu.externaltools.arm-none.linux64_1.16.0.201807130628/tools/compiler/bin/../lib/gcc/arm-none-eabi/7.2.1/thumb/v7e-m/fpv4-sp/hard/libgcc.a(_udivmoddi4.o)
